Archive member included to satisfy reference by file (symbol)

/home/vedula/qorc-sdk/arm_toolchain_install/gcc-arm-none-eabi-9-2020-q2-update/bin/../lib/gcc/arm-none-eabi/9.3.1/thumb/v7e-m+fp/hard/libgcc.a(_arm_muldf3.o)
                              /home/vedula/qorc-sdk/incdec/GCC_Project/output/ql_test_signals.o (__aeabi_dmul)
/home/vedula/qorc-sdk/arm_toolchain_install/gcc-arm-none-eabi-9-2020-q2-update/bin/../lib/gcc/arm-none-eabi/9.3.1/thumb/v7e-m+fp/hard/libgcc.a(_arm_addsubdf3.o)
                              /home/vedula/qorc-sdk/incdec/GCC_Project/output/ql_test_signals.o (__aeabi_dadd)
/home/vedula/qorc-sdk/arm_toolchain_install/gcc-arm-none-eabi-9-2020-q2-update/bin/../lib/gcc/arm-none-eabi/9.3.1/thumb/v7e-m+fp/hard/libgcc.a(_arm_muldivdf3.o)
                              /home/vedula/qorc-sdk/incdec/GCC_Project/output/eoss3_hal_i2c.o (__aeabi_ddiv)
/home/vedula/qorc-sdk/arm_toolchain_install/gcc-arm-none-eabi-9-2020-q2-update/bin/../lib/gcc/arm-none-eabi/9.3.1/thumb/v7e-m+fp/hard/libgcc.a(_arm_fixdfsi.o)
                              /home/vedula/qorc-sdk/incdec/GCC_Project/output/ql_test_signals.o (__aeabi_d2iz)
/home/vedula/qorc-sdk/arm_toolchain_install/gcc-arm-none-eabi-9-2020-q2-update/bin/../lib/gcc/arm-none-eabi/9.3.1/thumb/v7e-m+fp/hard/libgcc.a(_arm_truncdfsf2.o)
                              /home/vedula/qorc-sdk/incdec/GCC_Project/output/eoss3_hal_i2c.o (__aeabi_d2f)
/home/vedula/qorc-sdk/arm_toolchain_install/gcc-arm-none-eabi-9-2020-q2-update/bin/../lib/gcc/arm-none-eabi/9.3.1/thumb/v7e-m+fp/hard/libgcc.a(_aeabi_ldivmod.o)
                              /home/vedula/qorc-sdk/incdec/GCC_Project/output/dbg_uart.o (__aeabi_ldivmod)
/home/vedula/qorc-sdk/arm_toolchain_install/gcc-arm-none-eabi-9-2020-q2-update/bin/../lib/gcc/arm-none-eabi/9.3.1/thumb/v7e-m+fp/hard/libgcc.a(_aeabi_uldivmod.o)
                              /home/vedula/qorc-sdk/incdec/GCC_Project/output/s3x_lpm.o (__aeabi_uldivmod)
/home/vedula/qorc-sdk/arm_toolchain_install/gcc-arm-none-eabi-9-2020-q2-update/bin/../lib/gcc/arm-none-eabi/9.3.1/thumb/v7e-m+fp/hard/libgcc.a(_udivmoddi4.o)
                              /home/vedula/qorc-sdk/arm_toolchain_install/gcc-arm-none-eabi-9-2020-q2-update/bin/../lib/gcc/arm-none-eabi/9.3.1/thumb/v7e-m+fp/hard/libgcc.a(_aeabi_ldivmod.o) (__udivmoddi4)
/home/vedula/qorc-sdk/arm_toolchain_install/gcc-arm-none-eabi-9-2020-q2-update/bin/../lib/gcc/arm-none-eabi/9.3.1/thumb/v7e-m+fp/hard/libgcc.a(_dvmd_tls.o)
                              /home/vedula/qorc-sdk/arm_toolchain_install/gcc-arm-none-eabi-9-2020-q2-update/bin/../lib/gcc/arm-none-eabi/9.3.1/thumb/v7e-m+fp/hard/libgcc.a(_aeabi_ldivmod.o) (__aeabi_ldiv0)
/home/vedula/qorc-sdk/arm_toolchain_install/gcc-arm-none-eabi-9-2020-q2-update/bin/../lib/gcc/arm-none-eabi/9.3.1/../../../../arm-none-eabi/lib/thumb/v7e-m+fp/hard/libg_nano.a(lib_a-exit.o)
                              /home/vedula/qorc-sdk/arm_toolchain_install/gcc-arm-none-eabi-9-2020-q2-update/bin/../lib/gcc/arm-none-eabi/9.3.1/../../../../arm-none-eabi/lib/thumb/v7e-m+fp/hard/crt0.o (exit)
/home/vedula/qorc-sdk/arm_toolchain_install/gcc-arm-none-eabi-9-2020-q2-update/bin/../lib/gcc/arm-none-eabi/9.3.1/../../../../arm-none-eabi/lib/thumb/v7e-m+fp/hard/libg_nano.a(lib_a-impure.o)
                              /home/vedula/qorc-sdk/arm_toolchain_install/gcc-arm-none-eabi-9-2020-q2-update/bin/../lib/gcc/arm-none-eabi/9.3.1/../../../../arm-none-eabi/lib/thumb/v7e-m+fp/hard/libg_nano.a(lib_a-exit.o) (_global_impure_ptr)
/home/vedula/qorc-sdk/arm_toolchain_install/gcc-arm-none-eabi-9-2020-q2-update/bin/../lib/gcc/arm-none-eabi/9.3.1/../../../../arm-none-eabi/lib/thumb/v7e-m+fp/hard/libg_nano.a(lib_a-init.o)
                              /home/vedula/qorc-sdk/arm_toolchain_install/gcc-arm-none-eabi-9-2020-q2-update/bin/../lib/gcc/arm-none-eabi/9.3.1/../../../../arm-none-eabi/lib/thumb/v7e-m+fp/hard/crt0.o (__libc_init_array)
/home/vedula/qorc-sdk/arm_toolchain_install/gcc-arm-none-eabi-9-2020-q2-update/bin/../lib/gcc/arm-none-eabi/9.3.1/../../../../arm-none-eabi/lib/thumb/v7e-m+fp/hard/libg_nano.a(lib_a-malloc.o)
                              /home/vedula/qorc-sdk/incdec/GCC_Project/output/circularBuffQueue.o (malloc)
/home/vedula/qorc-sdk/arm_toolchain_install/gcc-arm-none-eabi-9-2020-q2-update/bin/../lib/gcc/arm-none-eabi/9.3.1/../../../../arm-none-eabi/lib/thumb/v7e-m+fp/hard/libg_nano.a(lib_a-memcpy-stub.o)
                              /home/vedula/qorc-sdk/incdec/GCC_Project/output/cli_args.o (memcpy)
/home/vedula/qorc-sdk/arm_toolchain_install/gcc-arm-none-eabi-9-2020-q2-update/bin/../lib/gcc/arm-none-eabi/9.3.1/../../../../arm-none-eabi/lib/thumb/v7e-m+fp/hard/libg_nano.a(lib_a-memset.o)
                              /home/vedula/qorc-sdk/arm_toolchain_install/gcc-arm-none-eabi-9-2020-q2-update/bin/../lib/gcc/arm-none-eabi/9.3.1/../../../../arm-none-eabi/lib/thumb/v7e-m+fp/hard/crt0.o (memset)
[...]
Memory Configuration

Name             Origin             Length             Attributes
rom              0x0000000000000000 0x0000000000027000 xr
ram              0x0000000020027000 0x000000000003c800 xrw
spiram           0x0000000020063800 0x0000000000000800 rw
HWA              0x0000000020064000 0x0000000000018000 rw
shm              0x000000002007c000 0x0000000000004000
*default*        0x0000000000000000 0xffffffffffffffff

Linker script and memory map

LOAD /home/vedula/qorc-sdk/arm_toolchain_install/gcc-arm-none-eabi-9-2020-q2-update/bin/../lib/gcc/arm-none-eabi/9.3.1/thumb/v7e-m+fp/hard/crti.o
LOAD /home/vedula/qorc-sdk/arm_toolchain_install/gcc-arm-none-eabi-9-2020-q2-update/bin/../lib/gcc/arm-none-eabi/9.3.1/thumb/v7e-m+fp/hard/crtbegin.o
LOAD /home/vedula/qorc-sdk/arm_toolchain_install/gcc-arm-none-eabi-9-2020-q2-update/bin/../lib/gcc/arm-none-eabi/9.3.1/../../../../arm-none-eabi/lib/thumb/v7e-m+fp/hard/crt0.o
LOAD /home/vedula/qorc-sdk/incdec/GCC_Project/output/battery_level_monitor.o
LOAD /home/vedula/qorc-sdk/incdec/GCC_Project/output/c_lib_retarget.o
LOAD /home/vedula/qorc-sdk/incdec/GCC_Project/output/circularBuffQueue.o
LOAD /home/vedula/qorc-sdk/incdec/GCC_Project/output/cli_args.o
LOAD /home/vedula/qorc-sdk/incdec/GCC_Project/output/cli_hexdump.o
LOAD /home/vedula/qorc-sdk/incdec/GCC_Project/output/cli_io.o
LOAD /home/vedula/qorc-sdk/incdec/GCC_Project/output/cli_loop.o
LOAD /home/vedula/qorc-sdk/incdec/GCC_Project/output/cli_misc.o
LOAD /home/vedula/qorc-sdk/incdec/GCC_Project/output/cli_platform.o
LOAD /home/vedula/qorc-sdk/incdec/GCC_Project/output/cli_stdcmds.o
LOAD /home/vedula/qorc-sdk/incdec/GCC_Project/output/crc16.o
LOAD /home/vedula/qorc-sdk/incdec/GCC_Project/output/crc32.o
LOAD /home/vedula/qorc-sdk/incdec/GCC_Project/output/croutine.o
LOAD /home/vedula/qorc-sdk/incdec/GCC_Project/output/dbg_bufferedprinttask.o
LOAD /home/vedula/qorc-sdk/incdec/GCC_Project/output/dbg_queue_monitor.o
LOAD /home/vedula/qorc-sdk/incdec/GCC_Project/output/dbg_uart.o
LOAD /home/vedula/qorc-sdk/incdec/GCC_Project/output/dbgtrace.o
LOAD /home/vedula/qorc-sdk/incdec/GCC_Project/output/eoss3_hal_adc.o
LOAD /home/vedula/qorc-sdk/incdec/GCC_Project/output/eoss3_hal_gpio.o
LOAD /home/vedula/qorc-sdk/incdec/GCC_Project/output/eoss3_hal_i2c.o
LOAD /home/vedula/qorc-sdk/incdec/GCC_Project/output/eoss3_hal_i2s.o
LOAD /home/vedula/qorc-sdk/incdec/GCC_Project/output/eoss3_hal_i2s_slave_assp.o
LOAD /home/vedula/qorc-sdk/incdec/GCC_Project/output/eoss3_hal_pad_config.o
LOAD /home/vedula/qorc-sdk/incdec/GCC_Project/output/eoss3_hal_pkfb.o
LOAD /home/vedula/qorc-sdk/incdec/GCC_Project/output/eoss3_hal_rtc.o
LOAD /home/vedula/qorc-sdk/incdec/GCC_Project/output/eoss3_hal_sdma.o
LOAD /home/vedula/qorc-sdk/incdec/GCC_Project/output/eoss3_hal_spi.o
LOAD /home/vedula/qorc-sdk/incdec/GCC_Project/output/eoss3_hal_timer.o
LOAD /home/vedula/qorc-sdk/incdec/GCC_Project/output/eoss3_hal_uart.o
LOAD /home/vedula/qorc-sdk/incdec/GCC_Project/output/eoss3_hal_wb.o
LOAD /home/vedula/qorc-sdk/incdec/GCC_Project/output/eoss3_hal_wdt.o
LOAD /home/vedula/qorc-sdk/incdec/GCC_Project/output/event_groups.o
LOAD /home/vedula/qorc-sdk/incdec/GCC_Project/output/exceptions.o
LOAD /home/vedula/qorc-sdk/incdec/GCC_Project/output/freertos_static_memory.o
LOAD /home/vedula/qorc-sdk/incdec/GCC_Project/output/heap_4.o
LOAD /home/vedula/qorc-sdk/incdec/GCC_Project/output/hearable_pwrcfg.o
LOAD /home/vedula/qorc-sdk/incdec/GCC_Project/output/leds.o
LOAD /home/vedula/qorc-sdk/incdec/GCC_Project/output/list.o
LOAD /home/vedula/qorc-sdk/incdec/GCC_Project/output/main.o
LOAD /home/vedula/qorc-sdk/incdec/GCC_Project/output/main_dbg_cli_menu.o
LOAD /home/vedula/qorc-sdk/incdec/GCC_Project/output/pincfg_table.o
LOAD /home/vedula/qorc-sdk/incdec/GCC_Project/output/port.o
LOAD /home/vedula/qorc-sdk/incdec/GCC_Project/output/qf_baremetalsetup.o
LOAD /home/vedula/qorc-sdk/incdec/GCC_Project/output/qf_hardwaresetup.o
LOAD /home/vedula/qorc-sdk/incdec/GCC_Project/output/ql_base64.o
LOAD /home/vedula/qorc-sdk/incdec/GCC_Project/output/ql_stackwatermark.o
LOAD /home/vedula/qorc-sdk/incdec/GCC_Project/output/ql_test_signals.o
LOAD /home/vedula/qorc-sdk/incdec/GCC_Project/output/ql_time.o
LOAD /home/vedula/qorc-sdk/incdec/GCC_Project/output/queue.o
LOAD /home/vedula/qorc-sdk/incdec/GCC_Project/output/s3x_clock.o
LOAD /home/vedula/qorc-sdk/incdec/GCC_Project/output/s3x_clock_hal.o
LOAD /home/vedula/qorc-sdk/incdec/GCC_Project/output/s3x_cpuload.o
LOAD /home/vedula/qorc-sdk/incdec/GCC_Project/output/s3x_dfs.o
LOAD /home/vedula/qorc-sdk/incdec/GCC_Project/output/s3x_lpm.o
LOAD /home/vedula/qorc-sdk/incdec/GCC_Project/output/s3x_pi.o
LOAD /home/vedula/qorc-sdk/incdec/GCC_Project/output/s3x_pwrcfg.o
LOAD /home/vedula/qorc-sdk/incdec/GCC_Project/output/s3x_qos.o
LOAD /home/vedula/qorc-sdk/incdec/GCC_Project/output/sec_debug.o
LOAD /home/vedula/qorc-sdk/incdec/GCC_Project/output/spi_flash.o
LOAD /home/vedula/qorc-sdk/incdec/GCC_Project/output/startup_EOSS3B_GCC.o
LOAD /home/vedula/qorc-sdk/incdec/GCC_Project/output/stream_buffer.o
LOAD /home/vedula/qorc-sdk/incdec/GCC_Project/output/tasks.o
LOAD /home/vedula/qorc-sdk/incdec/GCC_Project/output/timers.o
LOAD /home/vedula/qorc-sdk/incdec/GCC_Project/output/vectors_CM4F_gcc.o
LOAD /home/vedula/qorc-sdk/incdec/GCC_Project/output/watchdog.o
LOAD /home/vedula/qorc-sdk/arm_toolchain_install/gcc-arm-none-eabi-9-2020-q2-update/bin/../lib/gcc/arm-none-eabi/9.3.1/../../../../arm-none-eabi/lib/thumb/v7e-m+fp/hard/libm.a
LOAD /home/vedula/qorc-sdk/Libraries/CMSIS/lib/GCC/libarm_cortexM4lf_math.a
START GROUP
LOAD /home/vedula/qorc-sdk/arm_toolchain_install/gcc-arm-none-eabi-9-2020-q2-update/bin/../lib/gcc/arm-none-eabi/9.3.1/thumb/v7e-m+fp/hard/libgcc.a
LOAD /home/vedula/qorc-sdk/arm_toolchain_install/gcc-arm-none-eabi-9-2020-q2-update/bin/../lib/gcc/arm-none-eabi/9.3.1/../../../../arm-none-eabi/lib/thumb/v7e-m+fp/hard/libg_nano.a
LOAD /home/vedula/qorc-sdk/arm_toolchain_install/gcc-arm-none-eabi-9-2020-q2-update/bin/../lib/gcc/arm-none-eabi/9.3.1/../../../../arm-none-eabi/lib/thumb/v7e-m+fp/hard/libc_nano.a
END GROUP
START GROUP
LOAD /home/vedula/qorc-sdk/arm_toolchain_install/gcc-arm-none-eabi-9-2020-q2-update/bin/../lib/gcc/arm-none-eabi/9.3.1/thumb/v7e-m+fp/hard/libgcc.a
LOAD /home/vedula/qorc-sdk/arm_toolchain_install/gcc-arm-none-eabi-9-2020-q2-update/bin/../lib/gcc/arm-none-eabi/9.3.1/../../../../arm-none-eabi/lib/thumb/v7e-m+fp/hard/libc_nano.a
LOAD /home/vedula/qorc-sdk/arm_toolchain_install/gcc-arm-none-eabi-9-2020-q2-update/bin/../lib/gcc/arm-none-eabi/9.3.1/../../../../arm-none-eabi/lib/thumb/v7e-m+fp/hard/libnosys.a
END GROUP
START GROUP
LOAD /home/vedula/qorc-sdk/arm_toolchain_install/gcc-arm-none-eabi-9-2020-q2-update/bin/../lib/gcc/arm-none-eabi/9.3.1/thumb/v7e-m+fp/hard/libgcc.a
LOAD /home/vedula/qorc-sdk/arm_toolchain_install/gcc-arm-none-eabi-9-2020-q2-update/bin/../lib/gcc/arm-none-eabi/9.3.1/../../../../arm-none-eabi/lib/thumb/v7e-m+fp/hard/libc_nano.a
LOAD /home/vedula/qorc-sdk/arm_toolchain_install/gcc-arm-none-eabi-9-2020-q2-update/bin/../lib/gcc/arm-none-eabi/9.3.1/../../../../arm-none-eabi/lib/thumb/v7e-m+fp/hard/libnosys.a
END GROUP
LOAD /home/vedula/qorc-sdk/arm_toolchain_install/gcc-arm-none-eabi-9-2020-q2-update/bin/../lib/gcc/arm-none-eabi/9.3.1/thumb/v7e-m+fp/hard/crtend.o
LOAD /home/vedula/qorc-sdk/arm_toolchain_install/gcc-arm-none-eabi-9-2020-q2-update/bin/../lib/gcc/arm-none-eabi/9.3.1/thumb/v7e-m+fp/hard/crtn.o

.text           0x0000000000000000     0x84cf
 *(.isr_vector)
 .isr_vector    0x0000000000000000      0x124 /home/vedula/qorc-sdk/incdec/GCC_Project/output/vectors_CM4F_gcc.o
                0x0000000000000000                __Vectors
 *(.text*)
 .text          0x0000000000000124       0x40 /home/vedula/qorc-sdk/arm_toolchain_install/gcc-arm-none-eabi-9-2020-q2-update/bin/../lib/gcc/arm-none-eabi/9.3.1/thumb/v7e-m+fp/hard/crtbegin.o
 .text          0x0000000000000164       0x7c /home/vedula/qorc-sdk/arm_toolchain_install/gcc-arm-none-eabi-9-2020-q2-update/bin/../lib/gcc/arm-none-eabi/9.3.1/../../../../arm-none-eabi/lib/thumb/v7e-m+fp/hard/crt0.o
                0x0000000000000164                _stack_init
                0x000000000000016c                _mainCRTStartup
                0x000000000000016c                _start
 .text._write   0x00000000000001e0        0xe /home/vedula/qorc-sdk/incdec/GCC_Project/output/c_lib_retarget.o
                0x00000000000001e0                _write
 .text._close   0x00000000000001ee        0x6 /home/vedula/qorc-sdk/incdec/GCC_Project/output/c_lib_retarget.o
                0x00000000000001ee                _close
 .text._lseek   0x00000000000001f4        0x4 /home/vedula/qorc-sdk/incdec/GCC_Project/output/c_lib_retarget.o
                0x00000000000001f4                _lseek
 .text._read    0x00000000000001f8        0x4 /home/vedula/qorc-sdk/incdec/GCC_Project/output/c_lib_retarget.o
                0x00000000000001f8                _read
 .text.do_str_fetch
                0x00000000000001fc       0x38 /home/vedula/qorc-sdk/incdec/GCC_Project/output/cli_args.o
 .text.CLI_string_ptr_get_subcmd
                0x0000000000000234       0x20 /home/vedula/qorc-sdk/incdec/GCC_Project/output/cli_args.o
                0x0000000000000234                CLI_string_ptr_get_subcmd
 .text.CLI_numX_getshow_X
                0x0000000000000254      0x188 /home/vedula/qorc-sdk/incdec/GCC_Project/output/cli_args.o
                0x0000000000000254                CLI_numX_getshow_X
 .text.CLI_uint8_getshow
                0x00000000000003dc        0x8 /home/vedula/qorc-sdk/incdec/GCC_Project/output/cli_args.o
                0x00000000000003dc                CLI_uint8_getshow
 .text.append_key
                0x00000000000003e4       0x30 /home/vedula/qorc-sdk/incdec/GCC_Project/output/cli_io.o
 .text.get_key_ignore_null
                0x0000000000000414       0x18 /home/vedula/qorc-sdk/incdec/GCC_Project/output/cli_io.o
 .text.CLI_getkey_peek
                0x000000000000042c      0x110 /home/vedula/qorc-sdk/incdec/GCC_Project/output/cli_io.o
                0x000000000000042c                CLI_getkey_peek
 .text.CLI_getkey
                0x000000000000053c       0x30 /home/vedula/qorc-sdk/incdec/GCC_Project/output/cli_io.o
                0x000000000000053c                CLI_getkey
 .text.CLI_col0_timestamp
                0x000000000000056c       0x78 /home/vedula/qorc-sdk/incdec/GCC_Project/output/cli_io.o
                0x000000000000056c                CLI_col0_timestamp
 .text.CLI_putc
                0x00000000000005e4       0x4c /home/vedula/qorc-sdk/incdec/GCC_Project/output/cli_io.o
                0x00000000000005e4                CLI_putc
 .text.CLI_puts_no_nl
                0x0000000000000630       0x12 /home/vedula/qorc-sdk/incdec/GCC_Project/output/cli_io.o
                0x0000000000000630                CLI_puts_no_nl
 *fill*         0x0000000000000642        0x2 
 .text.CLI_vprintf
                0x0000000000000644       0x24 /home/vedula/qorc-sdk/incdec/GCC_Project/output/cli_io.o
                0x0000000000000644                CLI_vprintf
 .text.CLI_printf
                0x0000000000000668       0x1a /home/vedula/qorc-sdk/incdec/GCC_Project/output/cli_io.o
                0x0000000000000668                CLI_printf
 *fill*         0x0000000000000682        0x2 
 .text.handle_help
                0x0000000000000684       0xc4 /home/vedula/qorc-sdk/incdec/GCC_Project/output/cli_loop.o
 .text.CLI_cmd_stack_replace
                0x0000000000000748       0x10 /home/vedula/qorc-sdk/incdec/GCC_Project/output/cli_loop.o
                0x0000000000000748                CLI_cmd_stack_replace
 .text.CLI_cmd_stack_push
                0x0000000000000758       0x30 /home/vedula/qorc-sdk/incdec/GCC_Project/output/cli_loop.o
                0x0000000000000758                CLI_cmd_stack_push
 .text.CLI_cmd_stack_clear
                0x0000000000000788       0x24 /home/vedula/qorc-sdk/incdec/GCC_Project/output/cli_loop.o
                0x0000000000000788                CLI_cmd_stack_clear
 .text.CLI_cmd_stack_pop
                0x00000000000007ac       0x40 /home/vedula/qorc-sdk/incdec/GCC_Project/output/cli_loop.o
                0x00000000000007ac                CLI_cmd_stack_pop
 .text.handle_exit
                0x00000000000007ec       0x1c /home/vedula/qorc-sdk/incdec/GCC_Project/output/cli_loop.o
 .text.CLI_init
                0x0000000000000808       0x24 /home/vedula/qorc-sdk/incdec/GCC_Project/output/cli_loop.o
                0x0000000000000808                CLI_init
 .text.CLI_print_prompt
                0x000000000000082c       0x44 /home/vedula/qorc-sdk/incdec/GCC_Project/output/cli_loop.o
                0x000000000000082c                CLI_print_prompt
 .text.CLI_dispatch_subcmd
                0x0000000000000870       0x84 /home/vedula/qorc-sdk/incdec/GCC_Project/output/cli_loop.o
                0x0000000000000870                CLI_dispatch_subcmd
 .text.CLI_dispatch
                0x00000000000008f4       0xc0 /home/vedula/qorc-sdk/incdec/GCC_Project/output/cli_loop.o
 .text.CLI_submenu_handler
                0x00000000000009b4       0x30 /home/vedula/qorc-sdk/incdec/GCC_Project/output/cli_loop.o
                0x00000000000009b4                CLI_submenu_handler
 .text.CLI_verror
                0x00000000000009e4       0x40 /home/vedula/qorc-sdk/incdec/GCC_Project/output/cli_loop.o
                0x00000000000009e4                CLI_verror
 .text.CLI_rx_byte
                0x0000000000000a24       0xec /home/vedula/qorc-sdk/incdec/GCC_Project/output/cli_loop.o
                0x0000000000000a24                CLI_rx_byte
 .text.CLI_is_more_args
                0x0000000000000b10       0x14 /home/vedula/qorc-sdk/incdec/GCC_Project/output/cli_misc.o
                0x0000000000000b10                CLI_is_more_args
 .text.CLI_error
                0x0000000000000b24       0x1a /home/vedula/qorc-sdk/incdec/GCC_Project/output/cli_misc.o
                0x0000000000000b24                CLI_error
 *fill*         0x0000000000000b3e        0x2 
 .text.CLI_error_missing_parameter
                0x0000000000000b40        0xc /home/vedula/qorc-sdk/incdec/GCC_Project/output/cli_misc.o
                0x0000000000000b40                CLI_error_missing_parameter
 .text.CLI_error_not_a_number
                0x0000000000000b4c       0x10 /home/vedula/qorc-sdk/incdec/GCC_Project/output/cli_misc.o
                0x0000000000000b4c                CLI_error_not_a_number
 .text.CLI_task
                0x0000000000000b5c       0x54 /home/vedula/qorc-sdk/incdec/GCC_Project/output/cli_platform.o
                0x0000000000000b5c                CLI_task
 .text.CLI_time_now
                0x0000000000000bb0        0x4 /home/vedula/qorc-sdk/incdec/GCC_Project/output/cli_platform.o
                0x0000000000000bb0                CLI_time_now
 .text.CLI_beep
                0x0000000000000bb4        0x6 /home/vedula/qorc-sdk/incdec/GCC_Project/output/cli_platform.o
                0x0000000000000bb4                CLI_beep
 .text.CLI_timeout_expired
                0x0000000000000bba       0x22 /home/vedula/qorc-sdk/incdec/GCC_Project/output/cli_platform.o
                0x0000000000000bba                CLI_timeout_expired
 .text.CLI_putc_raw
                0x0000000000000bdc        0x8 /home/vedula/qorc-sdk/incdec/GCC_Project/output/cli_platform.o
                0x0000000000000bdc                CLI_putc_raw
 .text.CLI_getkey_raw
                0x0000000000000be4       0x3c /home/vedula/qorc-sdk/incdec/GCC_Project/output/cli_platform.o
                0x0000000000000be4                CLI_getkey_raw
 .text.CLI_start_task
                0x0000000000000c20       0x58 /home/vedula/qorc-sdk/incdec/GCC_Project/output/cli_platform.o
                0x0000000000000c20                CLI_start_task
 .text.__debug_lockup
                0x0000000000000c78       0x14 /home/vedula/qorc-sdk/incdec/GCC_Project/output/dbg_uart.o
 .text._semihost_write
                0x0000000000000c8c       0x54 /home/vedula/qorc-sdk/incdec/GCC_Project/output/dbg_uart.o
                0x0000000000000c8c                _semihost_write
 .text.dbg_ch_raw
                0x0000000000000ce0       0x74 /home/vedula/qorc-sdk/incdec/GCC_Project/output/dbg_uart.o
                0x0000000000000ce0                dbg_ch_raw
 .text.dbg_nl   0x0000000000000d54       0x12 /home/vedula/qorc-sdk/incdec/GCC_Project/output/dbg_uart.o
                0x0000000000000d54                dbg_nl
 .text.dbg_ch   0x0000000000000d66        0xc /home/vedula/qorc-sdk/incdec/GCC_Project/output/dbg_uart.o
                0x0000000000000d66                dbg_ch
 .text.dbg_hex4
                0x0000000000000d72       0x14 /home/vedula/qorc-sdk/incdec/GCC_Project/output/dbg_uart.o
 .text.dbg_hex8
                0x0000000000000d86       0x14 /home/vedula/qorc-sdk/incdec/GCC_Project/output/dbg_uart.o
                0x0000000000000d86                dbg_hex8
 .text.dbg_hex16
                0x0000000000000d9a       0x14 /home/vedula/qorc-sdk/incdec/GCC_Project/output/dbg_uart.o
                0x0000000000000d9a                dbg_hex16
 .text.dbg_hex32
                0x0000000000000dae       0x14 /home/vedula/qorc-sdk/incdec/GCC_Project/output/dbg_uart.o
                0x0000000000000dae                dbg_hex32
 .text._dbg_int
                0x0000000000000dc2       0x20 /home/vedula/qorc-sdk/incdec/GCC_Project/output/dbg_uart.o
 .text.dbg_memdumpx
                0x0000000000000de2       0xea /home/vedula/qorc-sdk/incdec/GCC_Project/output/dbg_uart.o
 .text.dbg_str  0x0000000000000ecc       0x84 /home/vedula/qorc-sdk/incdec/GCC_Project/output/dbg_uart.o
                0x0000000000000ecc                dbg_str
 .text._dbg_str_xxx
                0x0000000000000f50       0x16 /home/vedula/qorc-sdk/incdec/GCC_Project/output/dbg_uart.o
 .text.dbg_str_hexXX
                0x0000000000000f66       0x22 /home/vedula/qorc-sdk/incdec/GCC_Project/output/dbg_uart.o
 .text.dbg_int  0x0000000000000f88       0x24 /home/vedula/qorc-sdk/incdec/GCC_Project/output/dbg_uart.o
                0x0000000000000f88                dbg_int
 .text.dbg_str_str
                0x0000000000000fac       0x16 /home/vedula/qorc-sdk/incdec/GCC_Project/output/dbg_uart.o
                0x0000000000000fac                dbg_str_str
 .text.dbg_str_int
                0x0000000000000fc2       0x16 /home/vedula/qorc-sdk/incdec/GCC_Project/output/dbg_uart.o
                0x0000000000000fc2                dbg_str_int
 .text.dbg_str_int_noln
                0x0000000000000fd8       0x12 /home/vedula/qorc-sdk/incdec/GCC_Project/output/dbg_uart.o
                0x0000000000000fd8                dbg_str_int_noln
 *fill*         0x0000000000000fea        0x2 
 .text.dbg_str_hex32
                0x0000000000000fec        0xc /home/vedula/qorc-sdk/incdec/GCC_Project/output/dbg_uart.o
                0x0000000000000fec                dbg_str_hex32
 .text.dbg_fatal_error
                0x0000000000000ff8       0x12 /home/vedula/qorc-sdk/incdec/GCC_Project/output/dbg_uart.o
                0x0000000000000ff8                dbg_fatal_error
 .text.dbg_fatal_error_int
                0x000000000000100a        0xe /home/vedula/qorc-sdk/incdec/GCC_Project/output/dbg_uart.o
                0x000000000000100a                dbg_fatal_error_int
 .text.dbg_memdump32
                0x0000000000001018       0x1e /home/vedula/qorc-sdk/incdec/GCC_Project/output/dbg_uart.o
                0x0000000000001018                dbg_memdump32
 *fill*         0x0000000000001036        0x2 
 .text.HAL_PAD_Config
                0x0000000000001038      0x190 /home/vedula/qorc-sdk/incdec/GCC_Project/output/eoss3_hal_pad_config.o
                0x0000000000001038                HAL_PAD_Config
 .text.configure_s3_pads
                0x00000000000011c8       0x1a /home/vedula/qorc-sdk/incdec/GCC_Project/output/eoss3_hal_pad_config.o
                0x00000000000011c8                configure_s3_pads
 *fill*         0x00000000000011e2        0x2 
 .text.eoss3_rtc_enable_irq
                0x00000000000011e4       0x28 /home/vedula/qorc-sdk/incdec/GCC_Project/output/eoss3_hal_rtc.o
 .text.write_rtc_reg
                0x000000000000120c       0x18 /home/vedula/qorc-sdk/incdec/GCC_Project/output/eoss3_hal_rtc.o
 .text.__rtc_setup_alarm.isra.0
                0x0000000000001224       0x44 /home/vedula/qorc-sdk/incdec/GCC_Project/output/eoss3_hal_rtc.o
 .text.HAL_RTC_ISR
                0x0000000000001268       0x24 /home/vedula/qorc-sdk/incdec/GCC_Project/output/eoss3_hal_rtc.o
                0x0000000000001268                HAL_RTC_ISR
 .text.unlock_spi1_bus
                0x000000000000128c       0x58 /home/vedula/qorc-sdk/incdec/GCC_Project/output/eoss3_hal_spi.o
                0x000000000000128c                unlock_spi1_bus
 .text.SPI_DMA_Complete
                0x00000000000012e4       0x88 /home/vedula/qorc-sdk/incdec/GCC_Project/output/eoss3_hal_spi.o
                0x00000000000012e4                SPI_DMA_Complete
 .text.HAL_SPI_IRQHandler
                0x000000000000136c       0x6c /home/vedula/qorc-sdk/incdec/GCC_Project/output/eoss3_hal_spi.o
                0x000000000000136c                HAL_SPI_IRQHandler
 .text.HAL_Delay_Init
                0x00000000000013d8       0x54 /home/vedula/qorc-sdk/incdec/GCC_Project/output/eoss3_hal_timer.o
                0x00000000000013d8                HAL_Delay_Init
 .text.HAL_Timer_ISR
                0x000000000000142c       0x88 /home/vedula/qorc-sdk/incdec/GCC_Project/output/eoss3_hal_timer.o
                0x000000000000142c                HAL_Timer_ISR
 .text.uart_disable_irqs
                0x00000000000014b4       0x18 /home/vedula/qorc-sdk/incdec/GCC_Project/output/eoss3_hal_uart.o
 .text.uart_baud_rate
                0x00000000000014cc       0x60 /home/vedula/qorc-sdk/incdec/GCC_Project/output/eoss3_hal_uart.o
 .text.is_hw_uart_enabled
                0x000000000000152c       0x20 /home/vedula/qorc-sdk/incdec/GCC_Project/output/eoss3_hal_uart.o
 .text.uart_lpm_callback
                0x000000000000154c       0x74 /home/vedula/qorc-sdk/incdec/GCC_Project/output/eoss3_hal_uart.o
 .text.uart_init
                0x00000000000015c0      0x164 /home/vedula/qorc-sdk/incdec/GCC_Project/output/eoss3_hal_uart.o
                0x00000000000015c0                uart_init
 .text.uart_isr_handler
                0x0000000000001724       0x90 /home/vedula/qorc-sdk/incdec/GCC_Project/output/eoss3_hal_uart.o
                0x0000000000001724                uart_isr_handler
 .text.uart_tx_raw
                0x00000000000017b4       0x38 /home/vedula/qorc-sdk/incdec/GCC_Project/output/eoss3_hal_uart.o
                0x00000000000017b4                uart_tx_raw
 .text.uart_tx  0x00000000000017ec       0x1c /home/vedula/qorc-sdk/incdec/GCC_Project/output/eoss3_hal_uart.o
                0x00000000000017ec                uart_tx
 .text.uart_tx_buf
                0x0000000000001808       0x1a /home/vedula/qorc-sdk/incdec/GCC_Project/output/eoss3_hal_uart.o
                0x0000000000001808                uart_tx_buf
 *fill*         0x0000000000001822        0x2 
 .text.uart_rx_wait
                0x0000000000001824       0x34 /home/vedula/qorc-sdk/incdec/GCC_Project/output/eoss3_hal_uart.o
                0x0000000000001824                uart_rx_wait
 .text.uart_rx_available
                0x0000000000001858       0x34 /home/vedula/qorc-sdk/incdec/GCC_Project/output/eoss3_hal_uart.o
                0x0000000000001858                uart_rx_available
 .text.uart_rx  0x000000000000188c       0x60 /home/vedula/qorc-sdk/incdec/GCC_Project/output/eoss3_hal_uart.o
                0x000000000000188c                uart_rx
 .text.WDT_ISR  0x00000000000018ec       0x8c /home/vedula/qorc-sdk/incdec/GCC_Project/output/eoss3_hal_wdt.o
                0x00000000000018ec                WDT_ISR
 .text.spurious_interrupt
                0x0000000000001978        0xc /home/vedula/qorc-sdk/incdec/GCC_Project/output/exceptions.o
 .text.prvGetRegistersFromStack
                0x0000000000001984       0xf0 /home/vedula/qorc-sdk/incdec/GCC_Project/output/exceptions.o
                0x0000000000001984                prvGetRegistersFromStack
 .text.HardFault_Handler
                0x0000000000001a74       0x16 /home/vedula/qorc-sdk/incdec/GCC_Project/output/exceptions.o
                0x0000000000001a74                HardFault_Handler
 .text.NMI_Handler
                0x0000000000001a8a        0x6 /home/vedula/qorc-sdk/incdec/GCC_Project/output/exceptions.o
                0x0000000000001a8a                NMI_Handler
 .text.MemManage_Handler
                0x0000000000001a90        0x6 /home/vedula/qorc-sdk/incdec/GCC_Project/output/exceptions.o
                0x0000000000001a90                MemManage_Handler
 .text.BusFault_Handler
                0x0000000000001a96        0x6 /home/vedula/qorc-sdk/incdec/GCC_Project/output/exceptions.o
                0x0000000000001a96                BusFault_Handler
 .text.UsageFault_Handler
                0x0000000000001a9c        0x6 /home/vedula/qorc-sdk/incdec/GCC_Project/output/exceptions.o
                0x0000000000001a9c                UsageFault_Handler
 .text.DebugMon_Handler
                0x0000000000001aa2        0x6 /home/vedula/qorc-sdk/incdec/GCC_Project/output/exceptions.o
                0x0000000000001aa2                DebugMon_Handler
 .text.Uart_Handler
                0x0000000000001aa8       0x50 /home/vedula/qorc-sdk/incdec/GCC_Project/output/exceptions.o
                0x0000000000001aa8                Uart_Handler
 .text.Timer_Handler
                0x0000000000001af8       0x24 /home/vedula/qorc-sdk/incdec/GCC_Project/output/exceptions.o
                0x0000000000001af8                Timer_Handler
 .text.CpuWdtInt_Handler
                0x0000000000001b1c       0x24 /home/vedula/qorc-sdk/incdec/GCC_Project/output/exceptions.o
                0x0000000000001b1c                CpuWdtInt_Handler
 .text.CpuWdtRst_Handler
                0x0000000000001b40        0x6 /home/vedula/qorc-sdk/incdec/GCC_Project/output/exceptions.o
                0x0000000000001b40                CpuWdtRst_Handler
 .text.BusTimeout_Handler
                0x0000000000001b46        0x6 /home/vedula/qorc-sdk/incdec/GCC_Project/output/exceptions.o
                0x0000000000001b46                BusTimeout_Handler
 .text.Fpu_Handler
                0x0000000000001b4c        0x6 /home/vedula/qorc-sdk/incdec/GCC_Project/output/exceptions.o
                0x0000000000001b4c                Fpu_Handler
 *fill*         0x0000000000001b52        0x2 
 .text.Pkfb_Handler
                0x0000000000001b54       0x10 /home/vedula/qorc-sdk/incdec/GCC_Project/output/exceptions.o
                0x0000000000001b54                Pkfb_Handler
 .text.I2s_Handler
                0x0000000000001b64        0x6 /home/vedula/qorc-sdk/incdec/GCC_Project/output/exceptions.o
                0x0000000000001b64                I2s_Handler
 .text.Audio_Handler
                0x0000000000001b6a        0x6 /home/vedula/qorc-sdk/incdec/GCC_Project/output/exceptions.o
                0x0000000000001b6a                Audio_Handler
 .text.SpiMs_Handler
                0x0000000000001b70       0x5c /home/vedula/qorc-sdk/incdec/GCC_Project/output/exceptions.o
                0x0000000000001b70                SpiMs_Handler
 .text.CfgDma_Handler
                0x0000000000001bcc       0x28 /home/vedula/qorc-sdk/incdec/GCC_Project/output/exceptions.o
                0x0000000000001bcc                CfgDma_Handler
 .text.PmuTimer_Handler
                0x0000000000001bf4        0x2 /home/vedula/qorc-sdk/incdec/GCC_Project/output/exceptions.o
                0x0000000000001bf4                PmuTimer_Handler
 .text.AdcDone_Handler
                0x0000000000001bf6        0x8 /home/vedula/qorc-sdk/incdec/GCC_Project/output/exceptions.o
                0x0000000000001bf6                AdcDone_Handler
 *fill*         0x0000000000001bfe        0x2 
 .text.RtcAlarm_Handler
                0x0000000000001c00       0x1c /home/vedula/qorc-sdk/incdec/GCC_Project/output/exceptions.o
                0x0000000000001c00                RtcAlarm_Handler
 .text.ResetInt_Handler
                0x0000000000001c1c        0x8 /home/vedula/qorc-sdk/incdec/GCC_Project/output/exceptions.o
                0x0000000000001c1c                ResetInt_Handler
 .text.Ffe0_Handler
                0x0000000000001c24       0x18 /home/vedula/qorc-sdk/incdec/GCC_Project/output/exceptions.o
                0x0000000000001c24                Ffe0_Handler
 .text.FbMsg_Handler
                0x0000000000001c3c       0x6c /home/vedula/qorc-sdk/incdec/GCC_Project/output/exceptions.o
                0x0000000000001c3c                FbMsg_Handler
 .text.SensorGpio_Handler
                0x0000000000001ca8        0x8 /home/vedula/qorc-sdk/incdec/GCC_Project/output/exceptions.o
                0x0000000000001ca8                SensorGpio_Handler
 .text.M4SramSleep_Handler
                0x0000000000001cb0        0x8 /home/vedula/qorc-sdk/incdec/GCC_Project/output/exceptions.o
                0x0000000000001cb0                M4SramSleep_Handler
 .text.LDO30_PG_Handler
                0x0000000000001cb8        0x8 /home/vedula/qorc-sdk/incdec/GCC_Project/output/exceptions.o
                0x0000000000001cb8                LDO30_PG_Handler
 .text.LDO50_PG_Handler
                0x0000000000001cc0        0x8 /home/vedula/qorc-sdk/incdec/GCC_Project/output/exceptions.o
                0x0000000000001cc0                LDO50_PG_Handler
 .text.DMIC_Voice_Det_Handler
                0x0000000000001cc8        0x8 /home/vedula/qorc-sdk/incdec/GCC_Project/output/exceptions.o
                0x0000000000001cc8                DMIC_Voice_Det_Handler
 .text.ApPDMClkOn_Handler
                0x0000000000001cd0        0x8 /home/vedula/qorc-sdk/incdec/GCC_Project/output/exceptions.o
                0x0000000000001cd0                ApPDMClkOn_Handler
 .text.ApPDMClkOff_Handler
                0x0000000000001cd8        0x8 /home/vedula/qorc-sdk/incdec/GCC_Project/output/exceptions.o
                0x0000000000001cd8                ApPDMClkOff_Handler
 .text.Dmac0BlkDone_Handler
                0x0000000000001ce0        0x8 /home/vedula/qorc-sdk/incdec/GCC_Project/output/exceptions.o
                0x0000000000001ce0                Dmac0BlkDone_Handler
 .text.Dmac0BufDone_Handler
                0x0000000000001ce8        0x8 /home/vedula/qorc-sdk/incdec/GCC_Project/output/exceptions.o
                0x0000000000001ce8                Dmac0BufDone_Handler
 .text.Dmac1BlkDone_Handler
                0x0000000000001cf0        0x8 /home/vedula/qorc-sdk/incdec/GCC_Project/output/exceptions.o
                0x0000000000001cf0                Dmac1BlkDone_Handler
 .text.Dmac1BufDone_Handler
                0x0000000000001cf8        0x8 /home/vedula/qorc-sdk/incdec/GCC_Project/output/exceptions.o
                0x0000000000001cf8                Dmac1BufDone_Handler
 .text.Sdma0Done_Handler
                0x0000000000001d00        0x8 /home/vedula/qorc-sdk/incdec/GCC_Project/output/exceptions.o
                0x0000000000001d00                Sdma0Done_Handler
 .text.Sdma1Done_Handler
                0x0000000000001d08        0x8 /home/vedula/qorc-sdk/incdec/GCC_Project/output/exceptions.o
                0x0000000000001d08                Sdma1Done_Handler
 .text.Sdma2Done_Handler
                0x0000000000001d10        0x8 /home/vedula/qorc-sdk/incdec/GCC_Project/output/exceptions.o
                0x0000000000001d10                Sdma2Done_Handler
 .text.Sdma3Done_Handler
                0x0000000000001d18        0x8 /home/vedula/qorc-sdk/incdec/GCC_Project/output/exceptions.o
                0x0000000000001d18                Sdma3Done_Handler
 .text.Sdma4Done_Handler
                0x0000000000001d20        0x8 /home/vedula/qorc-sdk/incdec/GCC_Project/output/exceptions.o
                0x0000000000001d20                Sdma4Done_Handler
 .text.Sdma5Done_Handler
                0x0000000000001d28        0x8 /home/vedula/qorc-sdk/incdec/GCC_Project/output/exceptions.o
                0x0000000000001d28                Sdma5Done_Handler
 .text.Sdma6Done_Handler
                0x0000000000001d30        0x8 /home/vedula/qorc-sdk/incdec/GCC_Project/output/exceptions.o
                0x0000000000001d30                Sdma6Done_Handler
 .text.Sdma7Done_Handler
                0x0000000000001d38        0x8 /home/vedula/qorc-sdk/incdec/GCC_Project/output/exceptions.o
                0x0000000000001d38                Sdma7Done_Handler
 .text.Sdma8Done_Handler
                0x0000000000001d40        0x8 /home/vedula/qorc-sdk/incdec/GCC_Project/output/exceptions.o
                0x0000000000001d40                Sdma8Done_Handler
 .text.Sdma9Done_Handler
                0x0000000000001d48        0x8 /home/vedula/qorc-sdk/incdec/GCC_Project/output/exceptions.o
                0x0000000000001d48                Sdma9Done_Handler
 .text.Sdma10Done_Handler
                0x0000000000001d50        0x8 /home/vedula/qorc-sdk/incdec/GCC_Project/output/exceptions.o
                0x0000000000001d50                Sdma10Done_Handler
 .text.Sdma11Done_Handler
                0x0000000000001d58        0x8 /home/vedula/qorc-sdk/incdec/GCC_Project/output/exceptions.o
                0x0000000000001d58                Sdma11Done_Handler
 .text.SdmaErr_Handler
                0x0000000000001d60        0x8 /home/vedula/qorc-sdk/incdec/GCC_Project/output/exceptions.o
                0x0000000000001d60                SdmaErr_Handler
 .text.I2S_SlvM4TxOr_Handler
                0x0000000000001d68        0x8 /home/vedula/qorc-sdk/incdec/GCC_Project/output/exceptions.o
                0x0000000000001d68                I2S_SlvM4TxOr_Handler
 .text.SRAM_128KB_Handler
                0x0000000000001d70        0x8 /home/vedula/qorc-sdk/incdec/GCC_Project/output/exceptions.o
                0x0000000000001d70                SRAM_128KB_Handler
 .text.LPSD_Voice_Det_Handler
                0x0000000000001d78        0x8 /home/vedula/qorc-sdk/incdec/GCC_Project/output/exceptions.o
                0x0000000000001d78                LPSD_Voice_Det_Handler
 .text.FfeWdt_Handler
                0x0000000000001d80        0x8 /home/vedula/qorc-sdk/incdec/GCC_Project/output/exceptions.o
                0x0000000000001d80                FfeWdt_Handler
 .text.ApBoot_Handler
                0x0000000000001d88        0x8 /home/vedula/qorc-sdk/incdec/GCC_Project/output/exceptions.o
                0x0000000000001d88                ApBoot_Handler
 .text.SwInt2_Handler
                0x0000000000001d90        0x8 /home/vedula/qorc-sdk/incdec/GCC_Project/output/exceptions.o
                0x0000000000001d90                SwInt2_Handler
 .text.SwInt1_Handler
                0x0000000000001d98       0x24 /home/vedula/qorc-sdk/incdec/GCC_Project/output/exceptions.o
                0x0000000000001d98                SwInt1_Handler
 .text.Ffe0Msg_Handler
                0x0000000000001dbc        0x8 /home/vedula/qorc-sdk/incdec/GCC_Project/output/exceptions.o
                0x0000000000001dbc                Ffe0Msg_Handler
 .text.lpsdVoiceOffHandler
                0x0000000000001dc4        0x8 /home/vedula/qorc-sdk/incdec/GCC_Project/output/exceptions.o
                0x0000000000001dc4                lpsdVoiceOffHandler
 .text.dmicVoiceOffHandler
                0x0000000000001dcc        0x8 /home/vedula/qorc-sdk/incdec/GCC_Project/output/exceptions.o
                0x0000000000001dcc                dmicVoiceOffHandler
 .text.vApplicationMallocFailedHook
                0x0000000000001dd4       0x24 /home/vedula/qorc-sdk/incdec/GCC_Project/output/exceptions.o
                0x0000000000001dd4                vApplicationMallocFailedHook
 .text.vApplicationStackOverflowHook
                0x0000000000001df8       0x24 /home/vedula/qorc-sdk/incdec/GCC_Project/output/exceptions.o
                0x0000000000001df8                vApplicationStackOverflowHook
 .text.vApplicationTickHook
                0x0000000000001e1c        0x2 /home/vedula/qorc-sdk/incdec/GCC_Project/output/exceptions.o
                0x0000000000001e1c                vApplicationTickHook
 .text.vApplicationIdleHook
                0x0000000000001e1e        0x2 /home/vedula/qorc-sdk/incdec/GCC_Project/output/exceptions.o
                0x0000000000001e1e                vApplicationIdleHook
 .text.prvInsertBlockIntoFreeList
                0x0000000000001e20       0x74 /home/vedula/qorc-sdk/incdec/GCC_Project/output/heap_4.o
 .text.pvPortMalloc
                0x0000000000001e94      0x198 /home/vedula/qorc-sdk/incdec/GCC_Project/output/heap_4.o
                0x0000000000001e94                pvPortMalloc
 .text.vPortFree
                0x000000000000202c       0xa0 /home/vedula/qorc-sdk/incdec/GCC_Project/output/heap_4.o
                0x000000000000202c                vPortFree
 .text.vListInitialise
                0x00000000000020cc       0x16 /home/vedula/qorc-sdk/incdec/GCC_Project/output/list.o
                0x00000000000020cc                vListInitialise
 .text.vListInitialiseItem
                0x00000000000020e2        0x6 /home/vedula/qorc-sdk/incdec/GCC_Project/output/list.o
                0x00000000000020e2                vListInitialiseItem
 .text.vListInsertEnd
                0x00000000000020e8       0x18 /home/vedula/qorc-sdk/incdec/GCC_Project/output/list.o
                0x00000000000020e8                vListInsertEnd
 .text.vListInsert
                0x0000000000002100       0x2e /home/vedula/qorc-sdk/incdec/GCC_Project/output/list.o
                0x0000000000002100                vListInsert
 .text.uxListRemove
                0x000000000000212e       0x20 /home/vedula/qorc-sdk/incdec/GCC_Project/output/list.o
                0x000000000000212e                uxListRemove
 .text.SystemInit
                0x000000000000214e        0x2 /home/vedula/qorc-sdk/incdec/GCC_Project/output/main.o
                0x000000000000214e                SystemInit
 .text.PyHal_GPIO_Set
                0x0000000000002150       0x34 /home/vedula/qorc-sdk/incdec/GCC_Project/output/main.o
                0x0000000000002150                PyHal_GPIO_Set
 .text.sevenseg
                0x0000000000002184       0x50 /home/vedula/qorc-sdk/incdec/GCC_Project/output/main.o
                0x0000000000002184                sevenseg
 .text.sevenseg_setup
                0x00000000000021d4       0x10 /home/vedula/qorc-sdk/incdec/GCC_Project/output/main.o
                0x00000000000021d4                sevenseg_setup
 .text.startup.main
                0x00000000000021e4       0xb8 /home/vedula/qorc-sdk/incdec/GCC_Project/output/main.o
                0x00000000000021e4                main
 .text.set_gpio_input
                0x000000000000229c       0x34 /home/vedula/qorc-sdk/incdec/GCC_Project/output/main_dbg_cli_menu.o
 .text.set_gpio_output
                0x00000000000022d0       0x60 /home/vedula/qorc-sdk/incdec/GCC_Project/output/main_dbg_cli_menu.o
 .text.get_gpio_value
                0x0000000000002330       0x50 /home/vedula/qorc-sdk/incdec/GCC_Project/output/main_dbg_cli_menu.o
 .text.prvPortStartFirstTask
                0x0000000000002380       0x28 /home/vedula/qorc-sdk/incdec/GCC_Project/output/port.o
 .text.vPortEnableVFP
                0x00000000000023a8       0x14 /home/vedula/qorc-sdk/incdec/GCC_Project/output/port.o
 .text.prvTaskExitError
                0x00000000000023bc       0x50 /home/vedula/qorc-sdk/incdec/GCC_Project/output/port.o
 .text.pxPortInitialiseStack
                0x000000000000240c       0x2c /home/vedula/qorc-sdk/incdec/GCC_Project/output/port.o
                0x000000000000240c                pxPortInitialiseStack
 *fill*         0x0000000000002438        0x8 
 .text.SVC_Handler
                0x0000000000002440       0x24 /home/vedula/qorc-sdk/incdec/GCC_Project/output/port.o
                0x0000000000002440                SVC_Handler
 .text.vPortEnterCritical
                0x0000000000002464       0x58 /home/vedula/qorc-sdk/incdec/GCC_Project/output/port.o
                0x0000000000002464                vPortEnterCritical
 .text.vPortExitCritical
                0x00000000000024bc       0x3c /home/vedula/qorc-sdk/incdec/GCC_Project/output/port.o
                0x00000000000024bc                vPortExitCritical
 *fill*         0x00000000000024f8        0x8 
 .text.PendSV_Handler
                0x0000000000002500       0x64 /home/vedula/qorc-sdk/incdec/GCC_Project/output/port.o
                0x0000000000002500                PendSV_Handler
 .text.xPortSysTickHandler
                0x0000000000002564       0x2c /home/vedula/qorc-sdk/incdec/GCC_Project/output/port.o
                0x0000000000002564                xPortSysTickHandler
 .text.xPortStartScheduler
                0x0000000000002590      0x158 /home/vedula/qorc-sdk/incdec/GCC_Project/output/port.o
                0x0000000000002590                xPortStartScheduler
 .text.vPortValidateInterruptPriority
                0x00000000000026e8       0x7c /home/vedula/qorc-sdk/incdec/GCC_Project/output/port.o
                0x00000000000026e8                vPortValidateInterruptPriority
 .text.system_init
                0x0000000000002764       0x6c /home/vedula/qorc-sdk/incdec/GCC_Project/output/qf_hardwaresetup.o
                0x0000000000002764                system_init
 .text.qf_hardwareSetup
                0x00000000000027d0       0x78 /home/vedula/qorc-sdk/incdec/GCC_Project/output/qf_hardwaresetup.o
                0x00000000000027d0                qf_hardwareSetup
 .text.prvIsQueueEmpty
                0x0000000000002848       0x16 /home/vedula/qorc-sdk/incdec/GCC_Project/output/queue.o
 .text.prvCopyDataToQueue
                0x000000000000285e       0x78 /home/vedula/qorc-sdk/incdec/GCC_Project/output/queue.o
 .text.prvCopyDataFromQueue
                0x00000000000028d6       0x2c /home/vedula/qorc-sdk/incdec/GCC_Project/output/queue.o
 .text.prvUnlockQueue
                0x0000000000002902       0x70 /home/vedula/qorc-sdk/incdec/GCC_Project/output/queue.o
 *fill*         0x0000000000002972        0x2 
 .text.xQueueGenericReset
                0x0000000000002974       0x90 /home/vedula/qorc-sdk/incdec/GCC_Project/output/queue.o
                0x0000000000002974                xQueueGenericReset
 .text.xQueueGenericCreate
                0x0000000000002a04       0x74 /home/vedula/qorc-sdk/incdec/GCC_Project/output/queue.o
                0x0000000000002a04                xQueueGenericCreate
 .text.xQueueGenericSend
                0x0000000000002a78      0x19c /home/vedula/qorc-sdk/incdec/GCC_Project/output/queue.o
                0x0000000000002a78                xQueueGenericSend
 .text.xQueueGenericSendFromISR
                0x0000000000002c14       0xf0 /home/vedula/qorc-sdk/incdec/GCC_Project/output/queue.o
                0x0000000000002c14                xQueueGenericSendFromISR
 .text.xQueueGenericSendFromISRDebug
                0x0000000000002d04       0x30 /home/vedula/qorc-sdk/incdec/GCC_Project/output/queue.o
                0x0000000000002d04                xQueueGenericSendFromISRDebug
 .text.xQueueGiveFromISR
                0x0000000000002d34       0xdc /home/vedula/qorc-sdk/incdec/GCC_Project/output/queue.o
                0x0000000000002d34                xQueueGiveFromISR
 .text.xQueueReceive
                0x0000000000002e10      0x160 /home/vedula/qorc-sdk/incdec/GCC_Project/output/queue.o
                0x0000000000002e10                xQueueReceive
 .text.xQueueSemaphoreTake
                0x0000000000002f70      0x1b0 /home/vedula/qorc-sdk/incdec/GCC_Project/output/queue.o
                0x0000000000002f70                xQueueSemaphoreTake
 .text.xQueuePeek
                0x0000000000003120      0x160 /home/vedula/qorc-sdk/incdec/GCC_Project/output/queue.o
                0x0000000000003120                xQueuePeek
 .text.uxQueueMessagesWaiting
                0x0000000000003280       0x3c /home/vedula/qorc-sdk/incdec/GCC_Project/output/queue.o
                0x0000000000003280                uxQueueMessagesWaiting
 .text.vQueueAddToRegistry
                0x00000000000032bc       0x24 /home/vedula/qorc-sdk/incdec/GCC_Project/output/queue.o
                0x00000000000032bc                vQueueAddToRegistry
 .text.vQueueWaitForMessageRestricted
                0x00000000000032e0       0x46 /home/vedula/qorc-sdk/incdec/GCC_Project/output/queue.o
                0x00000000000032e0                vQueueWaitForMessageRestricted
 .text.s3x_clkd_write_div
                0x0000000000003326       0xa8 /home/vedula/qorc-sdk/incdec/GCC_Project/output/s3x_clock.o
 .text.s3x_clkd_read_div
                0x00000000000033ce       0x44 /home/vedula/qorc-sdk/incdec/GCC_Project/output/s3x_clock.o
 *fill*         0x0000000000003412        0x2 
 .text.s3x_clkd_cal_div.part.0
                0x0000000000003414       0x30 /home/vedula/qorc-sdk/incdec/GCC_Project/output/s3x_clock.o
 .text.S3x_Id_To_Domain
                0x0000000000003444       0x1c /home/vedula/qorc-sdk/incdec/GCC_Project/output/s3x_clock.o
                0x0000000000003444                S3x_Id_To_Domain
 .text.s3x_clkd_get_init_rate
                0x0000000000003460       0x28 /home/vedula/qorc-sdk/incdec/GCC_Project/output/s3x_clock.o
                0x0000000000003460                s3x_clkd_get_init_rate
 .text.s3x_clkd_update_div_val
                0x0000000000003488       0x4c /home/vedula/qorc-sdk/incdec/GCC_Project/output/s3x_clock.o
                0x0000000000003488                s3x_clkd_update_div_val
 .text.s3x_clkd_update_fd_rate
                0x00000000000034d4        0xe /home/vedula/qorc-sdk/incdec/GCC_Project/output/s3x_clock.o
                0x00000000000034d4                s3x_clkd_update_fd_rate
 *fill*         0x00000000000034e2        0x2 
 .text.s3x_clkd_update_sd_div
                0x00000000000034e4       0x5c /home/vedula/qorc-sdk/incdec/GCC_Project/output/s3x_clock.o
 .text.s3x_clkd_update_all_src_div
                0x0000000000003540       0xcc /home/vedula/qorc-sdk/incdec/GCC_Project/output/s3x_clock.o
                0x0000000000003540                s3x_clkd_update_all_src_div
 .text.S3x_Clkd_Get_Hsosc_Rate
                0x000000000000360c       0x34 /home/vedula/qorc-sdk/incdec/GCC_Project/output/s3x_clock.o
                0x000000000000360c                S3x_Clkd_Get_Hsosc_Rate
 .text.s3x_clkd_get_active_HSOSC_qos
                0x0000000000003640        0xc /home/vedula/qorc-sdk/incdec/GCC_Project/output/s3x_clock.o
                0x0000000000003640                s3x_clkd_get_active_HSOSC_qos
 .text.S3x_Clkd_Change_Hsosc
                0x000000000000364c       0x70 /home/vedula/qorc-sdk/incdec/GCC_Project/output/s3x_clock.o
                0x000000000000364c                S3x_Clkd_Change_Hsosc
 .text.s3x_clkd_get_src_rate
                0x00000000000036bc       0x12 /home/vedula/qorc-sdk/incdec/GCC_Project/output/s3x_clock.o
                0x00000000000036bc                s3x_clkd_get_src_rate
 *fill*         0x00000000000036ce        0x2 
 .text.s3x_clkd_get_div
                0x00000000000036d0       0x74 /home/vedula/qorc-sdk/incdec/GCC_Project/output/s3x_clock.o
                0x00000000000036d0                s3x_clkd_get_div
 .text.s3x_clkd_srate
                0x0000000000003744      0x158 /home/vedula/qorc-sdk/incdec/GCC_Project/output/s3x_clock.o
 .text.s3x_clkd_grate
                0x000000000000389c       0x8c /home/vedula/qorc-sdk/incdec/GCC_Project/output/s3x_clock.o
 .text.s3x_clkd_set_src_div_st
                0x0000000000003928       0x4c /home/vedula/qorc-sdk/incdec/GCC_Project/output/s3x_clock.o
 .text.s3x_update_clk_rate
                0x0000000000003974       0xb0 /home/vedula/qorc-sdk/incdec/GCC_Project/output/s3x_clock.o
                0x0000000000003974                s3x_update_clk_rate
 .text.s3x_clkd_get_gate_mask_st
                0x0000000000003a24       0x16 /home/vedula/qorc-sdk/incdec/GCC_Project/output/s3x_clock.o
                0x0000000000003a24                s3x_clkd_get_gate_mask_st
 *fill*         0x0000000000003a3a        0x2 
 .text.s3x_clkd_set_gate_mask
                0x0000000000003a3c       0x50 /home/vedula/qorc-sdk/incdec/GCC_Project/output/s3x_clock.o
                0x0000000000003a3c                s3x_clkd_set_gate_mask
 .text.s3x_clkd_enable_gate
                0x0000000000003a8c       0x68 /home/vedula/qorc-sdk/incdec/GCC_Project/output/s3x_clock.o
 .text.s3x_clkd_disable_gate
                0x0000000000003af4       0x54 /home/vedula/qorc-sdk/incdec/GCC_Project/output/s3x_clock.o
 .text._S3x_Clk_Enable
                0x0000000000003b48       0xb8 /home/vedula/qorc-sdk/incdec/GCC_Project/output/s3x_clock.o
                0x0000000000003b48                _S3x_Clk_Enable
 .text._S3x_Clk_Disable
                0x0000000000003c00       0xc8 /home/vedula/qorc-sdk/incdec/GCC_Project/output/s3x_clock.o
                0x0000000000003c00                _S3x_Clk_Disable
 .text._S3x_Clk_Get_Status
                0x0000000000003cc8       0x2c /home/vedula/qorc-sdk/incdec/GCC_Project/output/s3x_clock.o
                0x0000000000003cc8                _S3x_Clk_Get_Status
 .text._S3x_Clk_Get_Rate
                0x0000000000003cf4       0x28 /home/vedula/qorc-sdk/incdec/GCC_Project/output/s3x_clock.o
                0x0000000000003cf4                _S3x_Clk_Get_Rate
 .text._S3x_Clk_Set_Rate
                0x0000000000003d1c       0x48 /home/vedula/qorc-sdk/incdec/GCC_Project/output/s3x_clock.o
                0x0000000000003d1c                _S3x_Clk_Set_Rate
 .text.S3x_Clk_Init
                0x0000000000003d64      0x15c /home/vedula/qorc-sdk/incdec/GCC_Project/output/s3x_clock.o
                0x0000000000003d64                S3x_Clk_Init
 .text.S3x_Clk_Enable
                0x0000000000003ec0        0x4 /home/vedula/qorc-sdk/incdec/GCC_Project/output/s3x_clock_hal.o
                0x0000000000003ec0                S3x_Clk_Enable
 .text.S3x_Clk_Disable
                0x0000000000003ec4        0x4 /home/vedula/qorc-sdk/incdec/GCC_Project/output/s3x_clock_hal.o
                0x0000000000003ec4                S3x_Clk_Disable
 .text.S3x_Clk_Get_Rate
                0x0000000000003ec8        0x4 /home/vedula/qorc-sdk/incdec/GCC_Project/output/s3x_clock_hal.o
                0x0000000000003ec8                S3x_Clk_Get_Rate
 .text.DFS_cpuload
                0x0000000000003ecc       0x4c /home/vedula/qorc-sdk/incdec/GCC_Project/output/s3x_cpuload.o
                0x0000000000003ecc                DFS_cpuload
 .text.DFS_updatesleepticks
                0x0000000000003f18       0x10 /home/vedula/qorc-sdk/incdec/GCC_Project/output/s3x_cpuload.o
                0x0000000000003f18                DFS_updatesleepticks
 .text.DFS_resetsleepticks
                0x0000000000003f28        0xc /home/vedula/qorc-sdk/incdec/GCC_Project/output/s3x_cpuload.o
                0x0000000000003f28                DFS_resetsleepticks
 .text.DFS_UpdateTimer
                0x0000000000003f34       0x5c /home/vedula/qorc-sdk/incdec/GCC_Project/output/s3x_dfs.o
 .text.DFS_StartTimer
                0x0000000000003f90       0x88 /home/vedula/qorc-sdk/incdec/GCC_Project/output/s3x_dfs.o
                0x0000000000003f90                DFS_StartTimer
 .text.s3x_suspend_dfs
                0x0000000000004018        0xc /home/vedula/qorc-sdk/incdec/GCC_Project/output/s3x_dfs.o
                0x0000000000004018                s3x_suspend_dfs
 .text.S3x_Set_Policy
                0x0000000000004024       0xf8 /home/vedula/qorc-sdk/incdec/GCC_Project/output/s3x_dfs.o
                0x0000000000004024                S3x_Set_Policy
 .text.S3x_get_max_rate_dfs_node
                0x000000000000411c       0x28 /home/vedula/qorc-sdk/incdec/GCC_Project/output/s3x_dfs.o
                0x000000000000411c                S3x_get_max_rate_dfs_node
 .text.S3x_Stepup_Policy
                0x0000000000004144       0x7c /home/vedula/qorc-sdk/incdec/GCC_Project/output/s3x_dfs.o
 .text.DFS_TimerCB
                0x00000000000041c0        0xe /home/vedula/qorc-sdk/incdec/GCC_Project/output/s3x_dfs.o
 *fill*         0x00000000000041ce        0x2 
 .text.DFS_AlignPolicy
                0x00000000000041d0       0x38 /home/vedula/qorc-sdk/incdec/GCC_Project/output/s3x_dfs.o
                0x00000000000041d0                DFS_AlignPolicy
 .text.S3x_Reduce_Hsosc
                0x0000000000004208       0x50 /home/vedula/qorc-sdk/incdec/GCC_Project/output/s3x_dfs.o
                0x0000000000004208                S3x_Reduce_Hsosc
 .text.DFS_fPolicyHasDeepSleep
                0x0000000000004258       0x1c /home/vedula/qorc-sdk/incdec/GCC_Project/output/s3x_dfs.o
                0x0000000000004258                DFS_fPolicyHasDeepSleep
 .text.DFS_SwitchToSleepPolicy
                0x0000000000004274       0x74 /home/vedula/qorc-sdk/incdec/GCC_Project/output/s3x_dfs.o
                0x0000000000004274                DFS_SwitchToSleepPolicy
 .text.DFS_RestoreFromSleep
                0x00000000000042e8       0x34 /home/vedula/qorc-sdk/incdec/GCC_Project/output/s3x_dfs.o
                0x00000000000042e8                DFS_RestoreFromSleep
 .text.s3x_get_index_in_dfs_node
                0x000000000000431c       0x20 /home/vedula/qorc-sdk/incdec/GCC_Project/output/s3x_dfs.o
                0x000000000000431c                s3x_get_index_in_dfs_node
 .text.s3x_get_policy_max_rate
                0x000000000000433c       0x2c /home/vedula/qorc-sdk/incdec/GCC_Project/output/s3x_dfs.o
                0x000000000000433c                s3x_get_policy_max_rate
 .text.S3x_Is_Dfs_En
                0x0000000000004368       0x10 /home/vedula/qorc-sdk/incdec/GCC_Project/output/s3x_dfs.o
                0x0000000000004368                S3x_Is_Dfs_En
 .text.S3x_Set_Dfs_st
                0x0000000000004378        0xc /home/vedula/qorc-sdk/incdec/GCC_Project/output/s3x_dfs.o
                0x0000000000004378                S3x_Set_Dfs_st
 .text.DFS_Get_Curr_Policy
                0x0000000000004384        0xc /home/vedula/qorc-sdk/incdec/GCC_Project/output/s3x_dfs.o
                0x0000000000004384                DFS_Get_Curr_Policy
 .text.DFS_Initialize
                0x0000000000004390       0x14 /home/vedula/qorc-sdk/incdec/GCC_Project/output/s3x_dfs.o
                0x0000000000004390                DFS_Initialize
 .text.trace_this
                0x00000000000043a4       0x28 /home/vedula/qorc-sdk/incdec/GCC_Project/output/s3x_lpm.o
 .text.S3x_Register_Lpm_Cb
                0x00000000000043cc       0x40 /home/vedula/qorc-sdk/incdec/GCC_Project/output/s3x_lpm.o
                0x00000000000043cc                S3x_Register_Lpm_Cb
 .text.s3x_setup_systick_interrupt
                0x000000000000440c       0x54 /home/vedula/qorc-sdk/incdec/GCC_Project/output/s3x_lpm.o
                0x000000000000440c                s3x_setup_systick_interrupt
 .text.prvStopTickInterruptTimer
                0x0000000000004460       0x10 /home/vedula/qorc-sdk/incdec/GCC_Project/output/s3x_lpm.o
                0x0000000000004460                prvStopTickInterruptTimer
 .text.prvStartTickInterruptTimer
                0x0000000000004470        0x8 /home/vedula/qorc-sdk/incdec/GCC_Project/output/s3x_lpm.o
                0x0000000000004470                prvStartTickInterruptTimer
 .text.SysTick_Handler
                0x0000000000004478       0x12 /home/vedula/qorc-sdk/incdec/GCC_Project/output/s3x_lpm.o
                0x0000000000004478                SysTick_Handler
 .text.vPortSetupTimerInterrupt
                0x000000000000448a        0x6 /home/vedula/qorc-sdk/incdec/GCC_Project/output/s3x_lpm.o
                0x000000000000448a                vPortSetupTimerInterrupt
 .text.S3x_Pre_Lpm
                0x0000000000004490       0x20 /home/vedula/qorc-sdk/incdec/GCC_Project/output/s3x_lpm.o
                0x0000000000004490                S3x_Pre_Lpm
 .text.S3x_Post_Lpm
                0x00000000000044b0       0x18 /home/vedula/qorc-sdk/incdec/GCC_Project/output/s3x_lpm.o
                0x00000000000044b0                S3x_Post_Lpm
 .text.S3x_Lpm_Handler
                0x00000000000044c8      0x3ac /home/vedula/qorc-sdk/incdec/GCC_Project/output/s3x_lpm.o
                0x00000000000044c8                S3x_Lpm_Handler
 .text.s3x_get_pi
                0x0000000000004874       0x20 /home/vedula/qorc-sdk/incdec/GCC_Project/output/s3x_pi.o
                0x0000000000004874                s3x_get_pi
 .text.s3x_get_pi_gindex
                0x0000000000004894       0x14 /home/vedula/qorc-sdk/incdec/GCC_Project/output/s3x_pi.o
                0x0000000000004894                s3x_get_pi_gindex
 .text.s3x_pi_get_st
                0x00000000000048a8       0x24 /home/vedula/qorc-sdk/incdec/GCC_Project/output/s3x_pi.o
                0x00000000000048a8                s3x_pi_get_st
 .text.s3x_pi_set_cfg_st
                0x00000000000048cc       0x94 /home/vedula/qorc-sdk/incdec/GCC_Project/output/s3x_pi.o
                0x00000000000048cc                s3x_pi_set_cfg_st
 .text.s3x_pi_set_active_st
                0x0000000000004960       0xa8 /home/vedula/qorc-sdk/incdec/GCC_Project/output/s3x_pi.o
                0x0000000000004960                s3x_pi_set_active_st
 .text.s3x_pi_get_clkg_st
                0x0000000000004a08       0x36 /home/vedula/qorc-sdk/incdec/GCC_Project/output/s3x_pi.o
                0x0000000000004a08                s3x_pi_get_clkg_st
 .text.s3x_pi_set_clkg_st
                0x0000000000004a3e       0x26 /home/vedula/qorc-sdk/incdec/GCC_Project/output/s3x_pi.o
                0x0000000000004a3e                s3x_pi_set_clkg_st
 .text.s3x_set_pi_state
                0x0000000000004a64        0xc /home/vedula/qorc-sdk/incdec/GCC_Project/output/s3x_pi.o
                0x0000000000004a64                s3x_set_pi_state
 .text.s3x_get_pi_init_state
                0x0000000000004a70       0x18 /home/vedula/qorc-sdk/incdec/GCC_Project/output/s3x_pi.o
                0x0000000000004a70                s3x_get_pi_init_state
 .text.S3x_pi_init
                0x0000000000004a88       0x20 /home/vedula/qorc-sdk/incdec/GCC_Project/output/s3x_pi.o
                0x0000000000004a88                S3x_pi_init
 .text.S3x_pwrcfg_init
                0x0000000000004aa8       0x2c /home/vedula/qorc-sdk/incdec/GCC_Project/output/s3x_pwrcfg.o
                0x0000000000004aa8                S3x_pwrcfg_init
 .text.s3x_sram_in_lpm
                0x0000000000004ad4       0x1c /home/vedula/qorc-sdk/incdec/GCC_Project/output/s3x_pwrcfg.o
                0x0000000000004ad4                s3x_sram_in_lpm
 .text.S3x_get_qos_rate
                0x0000000000004af0       0x38 /home/vedula/qorc-sdk/incdec/GCC_Project/output/s3x_qos.o
                0x0000000000004af0                S3x_get_qos_rate
 .text.save_assert_info
                0x0000000000004b28       0x74 /home/vedula/qorc-sdk/incdec/GCC_Project/output/sec_debug.o
                0x0000000000004b28                save_assert_info
 .text.invoke_soft_fault
                0x0000000000004b9c       0x20 /home/vedula/qorc-sdk/incdec/GCC_Project/output/sec_debug.o
                0x0000000000004b9c                invoke_soft_fault
 .text.Reset_Handler
                0x0000000000004bbc       0x2c /home/vedula/qorc-sdk/incdec/GCC_Project/output/startup_EOSS3B_GCC.o
                0x0000000000004bbc                Reset_Handler
 .text.__semihost_call
                0x0000000000004be8        0x6 /home/vedula/qorc-sdk/incdec/GCC_Project/output/startup_EOSS3B_GCC.o
                0x0000000000004be8                __semihost_call
 *fill*         0x0000000000004bee        0x2 
 .text.prvGetExpectedIdleTime
                0x0000000000004bf0       0x3c /home/vedula/qorc-sdk/incdec/GCC_Project/output/tasks.o
 .text.prvResetNextTaskUnblockTime
                0x0000000000004c2c       0x24 /home/vedula/qorc-sdk/incdec/GCC_Project/output/tasks.o
 .text.prvAddCurrentTaskToDelayedList
                0x0000000000004c50       0x8c /home/vedula/qorc-sdk/incdec/GCC_Project/output/tasks.o
 .text.xTaskCreate
                0x0000000000004cdc      0x1e0 /home/vedula/qorc-sdk/incdec/GCC_Project/output/tasks.o
                0x0000000000004cdc                xTaskCreate
 .text.vTaskStartScheduler
                0x0000000000004ebc       0x98 /home/vedula/qorc-sdk/incdec/GCC_Project/output/tasks.o
                0x0000000000004ebc                vTaskStartScheduler
 .text.vTaskSuspendAll
                0x0000000000004f54       0x10 /home/vedula/qorc-sdk/incdec/GCC_Project/output/tasks.o
                0x0000000000004f54                vTaskSuspendAll
 .text.xTaskGetTickCount
                0x0000000000004f64        0xc /home/vedula/qorc-sdk/incdec/GCC_Project/output/tasks.o
                0x0000000000004f64                xTaskGetTickCount
 .text.vTaskStepTick
                0x0000000000004f70       0x44 /home/vedula/qorc-sdk/incdec/GCC_Project/output/tasks.o
                0x0000000000004f70                vTaskStepTick
 .text.xTaskIncrementTick
                0x0000000000004fb4      0x14c /home/vedula/qorc-sdk/incdec/GCC_Project/output/tasks.o
                0x0000000000004fb4                xTaskIncrementTick
 .text.xTaskResumeAll
                0x0000000000005100      0x100 /home/vedula/qorc-sdk/incdec/GCC_Project/output/tasks.o
                0x0000000000005100                xTaskResumeAll
 .text.vTaskDelay
                0x0000000000005200       0x60 /home/vedula/qorc-sdk/incdec/GCC_Project/output/tasks.o
                0x0000000000005200                vTaskDelay
 .text.prvIdleTask
                0x0000000000005260       0xc4 /home/vedula/qorc-sdk/incdec/GCC_Project/output/tasks.o
 .text.vTaskSwitchContext
                0x0000000000005324       0xb8 /home/vedula/qorc-sdk/incdec/GCC_Project/output/tasks.o
                0x0000000000005324                vTaskSwitchContext
 .text.vTaskPlaceOnEventList
                0x00000000000053dc       0x48 /home/vedula/qorc-sdk/incdec/GCC_Project/output/tasks.o
                0x00000000000053dc                vTaskPlaceOnEventList
 .text.vTaskPlaceOnEventListRestricted
                0x0000000000005424       0x50 /home/vedula/qorc-sdk/incdec/GCC_Project/output/tasks.o
                0x0000000000005424                vTaskPlaceOnEventListRestricted
 .text.xTaskRemoveFromEventList
                0x0000000000005474       0x9c /home/vedula/qorc-sdk/incdec/GCC_Project/output/tasks.o
                0x0000000000005474                xTaskRemoveFromEventList
 .text.vTaskInternalSetTimeOutState
                0x0000000000005510       0x18 /home/vedula/qorc-sdk/incdec/GCC_Project/output/tasks.o
                0x0000000000005510                vTaskInternalSetTimeOutState
 .text.xTaskCheckForTimeOut
                0x0000000000005528       0x94 /home/vedula/qorc-sdk/incdec/GCC_Project/output/tasks.o
                0x0000000000005528                xTaskCheckForTimeOut
 .text.vTaskMissedYield
                0x00000000000055bc        0xc /home/vedula/qorc-sdk/incdec/GCC_Project/output/tasks.o
                0x00000000000055bc                vTaskMissedYield
 .text.uxTaskGetTCBNumber
                0x00000000000055c8       0x14 /home/vedula/qorc-sdk/incdec/GCC_Project/output/tasks.o
                0x00000000000055c8                uxTaskGetTCBNumber
 .text.eTaskConfirmSleepModeStatus
                0x00000000000055dc       0x34 /home/vedula/qorc-sdk/incdec/GCC_Project/output/tasks.o
                0x00000000000055dc                eTaskConfirmSleepModeStatus
 .text.xTaskGetCurrentTaskHandle
                0x0000000000005610        0xc /home/vedula/qorc-sdk/incdec/GCC_Project/output/tasks.o
                0x0000000000005610                xTaskGetCurrentTaskHandle
 .text.xTaskGetSchedulerState
                0x000000000000561c       0x20 /home/vedula/qorc-sdk/incdec/GCC_Project/output/tasks.o
                0x000000000000561c                xTaskGetSchedulerState
 .text.xTaskPriorityInherit
                0x000000000000563c       0xa8 /home/vedula/qorc-sdk/incdec/GCC_Project/output/tasks.o
                0x000000000000563c                xTaskPriorityInherit
 .text.xTaskPriorityDisinherit
                0x00000000000056e4       0xc4 /home/vedula/qorc-sdk/incdec/GCC_Project/output/tasks.o
                0x00000000000056e4                xTaskPriorityDisinherit
 .text.vTaskPriorityDisinheritAfterTimeout
                0x00000000000057a8       0xd8 /home/vedula/qorc-sdk/incdec/GCC_Project/output/tasks.o
                0x00000000000057a8                vTaskPriorityDisinheritAfterTimeout
 .text.pvTaskIncrementMutexHeldCount
                0x0000000000005880       0x18 /home/vedula/qorc-sdk/incdec/GCC_Project/output/tasks.o
                0x0000000000005880                pvTaskIncrementMutexHeldCount
 .text.prvCheckForValidListAndQueue
                0x0000000000005898       0x58 /home/vedula/qorc-sdk/incdec/GCC_Project/output/timers.o
 .text.prvInsertTimerInActiveList
                0x00000000000058f0       0x3c /home/vedula/qorc-sdk/incdec/GCC_Project/output/timers.o
 .text.xTimerCreateTimerTask
                0x000000000000592c       0x64 /home/vedula/qorc-sdk/incdec/GCC_Project/output/timers.o
                0x000000000000592c                xTimerCreateTimerTask
 .text.xTimerCreate
                0x0000000000005990       0x58 /home/vedula/qorc-sdk/incdec/GCC_Project/output/timers.o
                0x0000000000005990                xTimerCreate
 .text.xTimerGenericCommand
                0x00000000000059e8       0x70 /home/vedula/qorc-sdk/incdec/GCC_Project/output/timers.o
                0x00000000000059e8                xTimerGenericCommand
 .text.prvSwitchTimerLists
                0x0000000000005a58       0x90 /home/vedula/qorc-sdk/incdec/GCC_Project/output/timers.o
 .text.prvTimerTask
                0x0000000000005ae8      0x218 /home/vedula/qorc-sdk/incdec/GCC_Project/output/timers.o
 .text          0x0000000000005d00       0x30 /home/vedula/qorc-sdk/arm_toolchain_install/gcc-arm-none-eabi-9-2020-q2-update/bin/../lib/gcc/arm-none-eabi/9.3.1/thumb/v7e-m+fp/hard/libgcc.a(_aeabi_uldivmod.o)
                0x0000000000005d00                __aeabi_uldivmod
 .text          0x0000000000005d30      0x2c4 /home/vedula/qorc-sdk/arm_toolchain_install/gcc-arm-none-eabi-9-2020-q2-update/bin/../lib/gcc/arm-none-eabi/9.3.1/thumb/v7e-m+fp/hard/libgcc.a(_udivmoddi4.o)
                0x0000000000005d30                __udivmoddi4
 .text          0x0000000000005ff4        0x4 /home/vedula/qorc-sdk/arm_toolchain_install/gcc-arm-none-eabi-9-2020-q2-update/bin/../lib/gcc/arm-none-eabi/9.3.1/thumb/v7e-m+fp/hard/libgcc.a(_dvmd_tls.o)
                0x0000000000005ff4                __aeabi_ldiv0
                0x0000000000005ff4                __aeabi_idiv0
 .text.exit     0x0000000000005ff8       0x28 /home/vedula/qorc-sdk/arm_toolchain_install/gcc-arm-none-eabi-9-2020-q2-update/bin/../lib/gcc/arm-none-eabi/9.3.1/../../../../arm-none-eabi/lib/thumb/v7e-m+fp/hard/libg_nano.a(lib_a-exit.o)
                0x0000000000005ff8                exit
 .text.__libc_init_array
                0x0000000000006020       0x48 /home/vedula/qorc-sdk/arm_toolchain_install/gcc-arm-none-eabi-9-2020-q2-update/bin/../lib/gcc/arm-none-eabi/9.3.1/../../../../arm-none-eabi/lib/thumb/v7e-m+fp/hard/libg_nano.a(lib_a-init.o)
                0x0000000000006020                __libc_init_array
 .text.memcpy   0x0000000000006068       0x1c /home/vedula/qorc-sdk/arm_toolchain_install/gcc-arm-none-eabi-9-2020-q2-update/bin/../lib/gcc/arm-none-eabi/9.3.1/../../../../arm-none-eabi/lib/thumb/v7e-m+fp/hard/libg_nano.a(lib_a-memcpy-stub.o)
                0x0000000000006068                memcpy
 .text.memset   0x0000000000006084       0x10 /home/vedula/qorc-sdk/arm_toolchain_install/gcc-arm-none-eabi-9-2020-q2-update/bin/../lib/gcc/arm-none-eabi/9.3.1/../../../../arm-none-eabi/lib/thumb/v7e-m+fp/hard/libg_nano.a(lib_a-memset.o)
                0x0000000000006084                memset
 .text._free_r  0x0000000000006094       0xa0 /home/vedula/qorc-sdk/arm_toolchain_install/gcc-arm-none-eabi-9-2020-q2-update/bin/../lib/gcc/arm-none-eabi/9.3.1/../../../../arm-none-eabi/lib/thumb/v7e-m+fp/hard/libg_nano.a(lib_a-nano-freer.o)
                0x0000000000006094                _free_r
 .text._malloc_r
                0x0000000000006134       0xb4 /home/vedula/qorc-sdk/arm_toolchain_install/gcc-arm-none-eabi-9-2020-q2-update/bin/../lib/gcc/arm-none-eabi/9.3.1/../../../../arm-none-eabi/lib/thumb/v7e-m+fp/hard/libg_nano.a(lib_a-nano-mallocr.o)
                0x0000000000006134                _malloc_r
 .text.printf   0x00000000000061e8       0x30 /home/vedula/qorc-sdk/arm_toolchain_install/gcc-arm-none-eabi-9-2020-q2-update/bin/../lib/gcc/arm-none-eabi/9.3.1/../../../../arm-none-eabi/lib/thumb/v7e-m+fp/hard/libg_nano.a(lib_a-printf.o)
                0x00000000000061e8                printf
                0x00000000000061e8                iprintf
 .text._puts_r  0x0000000000006218       0xdc /home/vedula/qorc-sdk/arm_toolchain_install/gcc-arm-none-eabi-9-2020-q2-update/bin/../lib/gcc/arm-none-eabi/9.3.1/../../../../arm-none-eabi/lib/thumb/v7e-m+fp/hard/libg_nano.a(lib_a-puts.o)
                0x0000000000006218                _puts_r
 .text.puts     0x00000000000062f4       0x10 /home/vedula/qorc-sdk/arm_toolchain_install/gcc-arm-none-eabi-9-2020-q2-update/bin/../lib/gcc/arm-none-eabi/9.3.1/../../../../arm-none-eabi/lib/thumb/v7e-m+fp/hard/libg_nano.a(lib_a-puts.o)
                0x00000000000062f4                puts
 .text._sbrk_r  0x0000000000006304       0x20 /home/vedula/qorc-sdk/arm_toolchain_install/gcc-arm-none-eabi-9-2020-q2-update/bin/../lib/gcc/arm-none-eabi/9.3.1/../../../../arm-none-eabi/lib/thumb/v7e-m+fp/hard/libg_nano.a(lib_a-sbrkr.o)
                0x0000000000006304                _sbrk_r
 .text          0x0000000000006324       0x1c /home/vedula/qorc-sdk/arm_toolchain_install/gcc-arm-none-eabi-9-2020-q2-update/bin/../lib/gcc/arm-none-eabi/9.3.1/../../../../arm-none-eabi/lib/thumb/v7e-m+fp/hard/libg_nano.a(lib_a-setjmp.o)
                0x0000000000006324                setjmp
                0x0000000000006330                longjmp
 .text.snprintf
                0x0000000000006340       0x68 /home/vedula/qorc-sdk/arm_toolchain_install/gcc-arm-none-eabi-9-2020-q2-update/bin/../lib/gcc/arm-none-eabi/9.3.1/../../../../arm-none-eabi/lib/thumb/v7e-m+fp/hard/libg_nano.a(lib_a-snprintf.o)
                0x0000000000006340                snprintf
                0x0000000000006340                sniprintf
 .text.sprintf  0x00000000000063a8       0x40 /home/vedula/qorc-sdk/arm_toolchain_install/gcc-arm-none-eabi-9-2020-q2-update/bin/../lib/gcc/arm-none-eabi/9.3.1/../../../../arm-none-eabi/lib/thumb/v7e-m+fp/hard/libg_nano.a(lib_a-sprintf.o)
                0x00000000000063a8                sprintf
                0x00000000000063a8                siprintf
 .text.strchr   0x00000000000063e8       0x1a /home/vedula/qorc-sdk/arm_toolchain_install/gcc-arm-none-eabi-9-2020-q2-update/bin/../lib/gcc/arm-none-eabi/9.3.1/../../../../arm-none-eabi/lib/thumb/v7e-m+fp/hard/libg_nano.a(lib_a-strchr.o)
                0x00000000000063e8                strchr
 .text          0x0000000000006402       0x14 /home/vedula/qorc-sdk/arm_toolchain_install/gcc-arm-none-eabi-9-2020-q2-update/bin/../lib/gcc/arm-none-eabi/9.3.1/../../../../arm-none-eabi/lib/thumb/v7e-m+fp/hard/libg_nano.a(lib_a-strcmp.o)
                0x0000000000006402                strcmp
 .text.strcpy   0x0000000000006416       0x10 /home/vedula/qorc-sdk/arm_toolchain_install/gcc-arm-none-eabi-9-2020-q2-update/bin/../lib/gcc/arm-none-eabi/9.3.1/../../../../arm-none-eabi/lib/thumb/v7e-m+fp/hard/libg_nano.a(lib_a-strcpy.o)
                0x0000000000006416                strcpy
 .text          0x0000000000006426       0x10 /home/vedula/qorc-sdk/arm_toolchain_install/gcc-arm-none-eabi-9-2020-q2-update/bin/../lib/gcc/arm-none-eabi/9.3.1/../../../../arm-none-eabi/lib/thumb/v7e-m+fp/hard/libg_nano.a(lib_a-strlen.o)
                0x0000000000006426                strlen
 .text.strncpy  0x0000000000006436       0x26 /home/vedula/qorc-sdk/arm_toolchain_install/gcc-arm-none-eabi-9-2020-q2-update/bin/../lib/gcc/arm-none-eabi/9.3.1/../../../../arm-none-eabi/lib/thumb/v7e-m+fp/hard/libg_nano.a(lib_a-strncpy.o)
                0x0000000000006436                strncpy
 .text.strrchr  0x000000000000645c       0x28 /home/vedula/qorc-sdk/arm_toolchain_install/gcc-arm-none-eabi-9-2020-q2-update/bin/../lib/gcc/arm-none-eabi/9.3.1/../../../../arm-none-eabi/lib/thumb/v7e-m+fp/hard/libg_nano.a(lib_a-strrchr.o)
                0x000000000000645c                strrchr
 .text.__strtok_r
                0x0000000000006484       0x50 /home/vedula/qorc-sdk/arm_toolchain_install/gcc-arm-none-eabi-9-2020-q2-update/bin/../lib/gcc/arm-none-eabi/9.3.1/../../../../arm-none-eabi/lib/thumb/v7e-m+fp/hard/libg_nano.a(lib_a-strtok_r.o)
                0x0000000000006484                __strtok_r
 .text.strtok_r
                0x00000000000064d4        0x6 /home/vedula/qorc-sdk/arm_toolchain_install/gcc-arm-none-eabi-9-2020-q2-update/bin/../lib/gcc/arm-none-eabi/9.3.1/../../../../arm-none-eabi/lib/thumb/v7e-m+fp/hard/libg_nano.a(lib_a-strtok_r.o)
                0x00000000000064d4                strtok_r
 *fill*         0x00000000000064da        0x2 
 .text._strtoll_l.isra.0
                0x00000000000064dc      0x12c /home/vedula/qorc-sdk/arm_toolchain_install/gcc-arm-none-eabi-9-2020-q2-update/bin/../lib/gcc/arm-none-eabi/9.3.1/../../../../arm-none-eabi/lib/thumb/v7e-m+fp/hard/libg_nano.a(lib_a-strtoll.o)
 .text.strtoll  0x0000000000006608       0x14 /home/vedula/qorc-sdk/arm_toolchain_install/gcc-arm-none-eabi-9-2020-q2-update/bin/../lib/gcc/arm-none-eabi/9.3.1/../../../../arm-none-eabi/lib/thumb/v7e-m+fp/hard/libg_nano.a(lib_a-strtoll.o)
                0x0000000000006608                strtoll
 .text._strtoull_l.isra.0
                0x000000000000661c      0x134 /home/vedula/qorc-sdk/arm_toolchain_install/gcc-arm-none-eabi-9-2020-q2-update/bin/../lib/gcc/arm-none-eabi/9.3.1/../../../../arm-none-eabi/lib/thumb/v7e-m+fp/hard/libg_nano.a(lib_a-strtoull.o)
 .text.strtoull
                0x0000000000006750       0x14 /home/vedula/qorc-sdk/arm_toolchain_install/gcc-arm-none-eabi-9-2020-q2-update/bin/../lib/gcc/arm-none-eabi/9.3.1/../../../../arm-none-eabi/lib/thumb/v7e-m+fp/hard/libg_nano.a(lib_a-strtoull.o)
                0x0000000000006750                strtoull
 .text._vsnprintf_r
                0x0000000000006764       0x58 /home/vedula/qorc-sdk/arm_toolchain_install/gcc-arm-none-eabi-9-2020-q2-update/bin/../lib/gcc/arm-none-eabi/9.3.1/../../../../arm-none-eabi/lib/thumb/v7e-m+fp/hard/libg_nano.a(lib_a-vsnprintf.o)
                0x0000000000006764                _vsnprintf_r
                0x0000000000006764                _vsniprintf_r
 .text.vsnprintf
                0x00000000000067bc       0x1c /home/vedula/qorc-sdk/arm_toolchain_install/gcc-arm-none-eabi-9-2020-q2-update/bin/../lib/gcc/arm-none-eabi/9.3.1/../../../../arm-none-eabi/lib/thumb/v7e-m+fp/hard/libg_nano.a(lib_a-vsnprintf.o)
                0x00000000000067bc                vsnprintf
                0x00000000000067bc                vsniprintf
 .text.__swbuf_r
                0x00000000000067d8       0xa4 /home/vedula/qorc-sdk/arm_toolchain_install/gcc-arm-none-eabi-9-2020-q2-update/bin/../lib/gcc/arm-none-eabi/9.3.1/../../../../arm-none-eabi/lib/thumb/v7e-m+fp/hard/libg_nano.a(lib_a-wbuf.o)
                0x00000000000067d8                __swbuf_r
 .text.__swsetup_r
                0x000000000000687c       0xdc /home/vedula/qorc-sdk/arm_toolchain_install/gcc-arm-none-eabi-9-2020-q2-update/bin/../lib/gcc/arm-none-eabi/9.3.1/../../../../arm-none-eabi/lib/thumb/v7e-m+fp/hard/libg_nano.a(lib_a-wsetup.o)
                0x000000000000687c                __swsetup_r
 .text.__sflush_r
                0x0000000000006958      0x10c /home/vedula/qorc-sdk/arm_toolchain_install/gcc-arm-none-eabi-9-2020-q2-update/bin/../lib/gcc/arm-none-eabi/9.3.1/../../../../arm-none-eabi/lib/thumb/v7e-m+fp/hard/libg_nano.a(lib_a-fflush.o)
                0x0000000000006958                __sflush_r
 .text._fflush_r
                0x0000000000006a64       0x78 /home/vedula/qorc-sdk/arm_toolchain_install/gcc-arm-none-eabi-9-2020-q2-update/bin/../lib/gcc/arm-none-eabi/9.3.1/../../../../arm-none-eabi/lib/thumb/v7e-m+fp/hard/libg_nano.a(lib_a-fflush.o)
                0x0000000000006a64                _fflush_r
 .text.std      0x0000000000006adc       0x48 /home/vedula/qorc-sdk/arm_toolchain_install/gcc-arm-none-eabi-9-2020-q2-update/bin/../lib/gcc/arm-none-eabi/9.3.1/../../../../arm-none-eabi/lib/thumb/v7e-m+fp/hard/libg_nano.a(lib_a-findfp.o)
 .text._cleanup_r
                0x0000000000006b24        0xc /home/vedula/qorc-sdk/arm_toolchain_install/gcc-arm-none-eabi-9-2020-q2-update/bin/../lib/gcc/arm-none-eabi/9.3.1/../../../../arm-none-eabi/lib/thumb/v7e-m+fp/hard/libg_nano.a(lib_a-findfp.o)
                0x0000000000006b24                _cleanup_r
 .text.__sfmoreglue
                0x0000000000006b30       0x2c /home/vedula/qorc-sdk/arm_toolchain_install/gcc-arm-none-eabi-9-2020-q2-update/bin/../lib/gcc/arm-none-eabi/9.3.1/../../../../arm-none-eabi/lib/thumb/v7e-m+fp/hard/libg_nano.a(lib_a-findfp.o)
                0x0000000000006b30                __sfmoreglue
 .text.__sfp_lock_acquire
                0x0000000000006b5c        0xc /home/vedula/qorc-sdk/arm_toolchain_install/gcc-arm-none-eabi-9-2020-q2-update/bin/../lib/gcc/arm-none-eabi/9.3.1/../../../../arm-none-eabi/lib/thumb/v7e-m+fp/hard/libg_nano.a(lib_a-findfp.o)
                0x0000000000006b5c                __sfp_lock_acquire
 .text.__sfp_lock_release
                0x0000000000006b68        0xc /home/vedula/qorc-sdk/arm_toolchain_install/gcc-arm-none-eabi-9-2020-q2-update/bin/../lib/gcc/arm-none-eabi/9.3.1/../../../../arm-none-eabi/lib/thumb/v7e-m+fp/hard/libg_nano.a(lib_a-findfp.o)
                0x0000000000006b68                __sfp_lock_release
 .text.__sinit_lock_acquire
                0x0000000000006b74        0xc /home/vedula/qorc-sdk/arm_toolchain_install/gcc-arm-none-eabi-9-2020-q2-update/bin/../lib/gcc/arm-none-eabi/9.3.1/../../../../arm-none-eabi/lib/thumb/v7e-m+fp/hard/libg_nano.a(lib_a-findfp.o)
                0x0000000000006b74                __sinit_lock_acquire
 .text.__sinit_lock_release
                0x0000000000006b80        0xc /home/vedula/qorc-sdk/arm_toolchain_install/gcc-arm-none-eabi-9-2020-q2-update/bin/../lib/gcc/arm-none-eabi/9.3.1/../../../../arm-none-eabi/lib/thumb/v7e-m+fp/hard/libg_nano.a(lib_a-findfp.o)
                0x0000000000006b80                __sinit_lock_release
 .text.__sinit  0x0000000000006b8c       0x70 /home/vedula/qorc-sdk/arm_toolchain_install/gcc-arm-none-eabi-9-2020-q2-update/bin/../lib/gcc/arm-none-eabi/9.3.1/../../../../arm-none-eabi/lib/thumb/v7e-m+fp/hard/libg_nano.a(lib_a-findfp.o)
                0x0000000000006b8c                __sinit
 .text.__sfp    0x0000000000006bfc       0x8c /home/vedula/qorc-sdk/arm_toolchain_install/gcc-arm-none-eabi-9-2020-q2-update/bin/../lib/gcc/arm-none-eabi/9.3.1/../../../../arm-none-eabi/lib/thumb/v7e-m+fp/hard/libg_nano.a(lib_a-findfp.o)
                0x0000000000006bfc                __sfp
 .text._fwalk_reent
                0x0000000000006c88       0x3e /home/vedula/qorc-sdk/arm_toolchain_install/gcc-arm-none-eabi-9-2020-q2-update/bin/../lib/gcc/arm-none-eabi/9.3.1/../../../../arm-none-eabi/lib/thumb/v7e-m+fp/hard/libg_nano.a(lib_a-fwalk.o)
                0x0000000000006c88                _fwalk_reent
 .text.__retarget_lock_init_recursive
                0x0000000000006cc6        0x2 /home/vedula/qorc-sdk/arm_toolchain_install/gcc-arm-none-eabi-9-2020-q2-update/bin/../lib/gcc/arm-none-eabi/9.3.1/../../../../arm-none-eabi/lib/thumb/v7e-m+fp/hard/libg_nano.a(lib_a-lock.o)
                0x0000000000006cc6                __retarget_lock_init_recursive
 .text.__retarget_lock_acquire_recursive
                0x0000000000006cc8        0x2 /home/vedula/qorc-sdk/arm_toolchain_install/gcc-arm-none-eabi-9-2020-q2-update/bin/../lib/gcc/arm-none-eabi/9.3.1/../../../../arm-none-eabi/lib/thumb/v7e-m+fp/hard/libg_nano.a(lib_a-lock.o)
                0x0000000000006cc8                __retarget_lock_acquire_recursive
 .text.__retarget_lock_release_recursive
                0x0000000000006cca        0x2 /home/vedula/qorc-sdk/arm_toolchain_install/gcc-arm-none-eabi-9-2020-q2-update/bin/../lib/gcc/arm-none-eabi/9.3.1/../../../../arm-none-eabi/lib/thumb/v7e-m+fp/hard/libg_nano.a(lib_a-lock.o)
                0x0000000000006cca                __retarget_lock_release_recursive
 .text.__swhatbuf_r
                0x0000000000006ccc       0x48 /home/vedula/qorc-sdk/arm_toolchain_install/gcc-arm-none-eabi-9-2020-q2-update/bin/../lib/gcc/arm-none-eabi/9.3.1/../../../../arm-none-eabi/lib/thumb/v7e-m+fp/hard/libg_nano.a(lib_a-makebuf.o)
                0x0000000000006ccc                __swhatbuf_r
 .text.__smakebuf_r
                0x0000000000006d14       0x80 /home/vedula/qorc-sdk/arm_toolchain_install/gcc-arm-none-eabi-9-2020-q2-update/bin/../lib/gcc/arm-none-eabi/9.3.1/../../../../arm-none-eabi/lib/thumb/v7e-m+fp/hard/libg_nano.a(lib_a-makebuf.o)
                0x0000000000006d14                __smakebuf_r
 .text.__malloc_lock
                0x0000000000006d94        0xc /home/vedula/qorc-sdk/arm_toolchain_install/gcc-arm-none-eabi-9-2020-q2-update/bin/../lib/gcc/arm-none-eabi/9.3.1/../../../../arm-none-eabi/lib/thumb/v7e-m+fp/hard/libg_nano.a(lib_a-mlock.o)
                0x0000000000006d94                __malloc_lock
 .text.__malloc_unlock
                0x0000000000006da0        0xc /home/vedula/qorc-sdk/arm_toolchain_install/gcc-arm-none-eabi-9-2020-q2-update/bin/../lib/gcc/arm-none-eabi/9.3.1/../../../../arm-none-eabi/lib/thumb/v7e-m+fp/hard/libg_nano.a(lib_a-mlock.o)
                0x0000000000006da0                __malloc_unlock
 .text.__ssputs_r
                0x0000000000006dac       0xb6 /home/vedula/qorc-sdk/arm_toolchain_install/gcc-arm-none-eabi-9-2020-q2-update/bin/../lib/gcc/arm-none-eabi/9.3.1/../../../../arm-none-eabi/lib/thumb/v7e-m+fp/hard/libg_nano.a(lib_a-nano-svfprintf.o)
                0x0000000000006dac                __ssputs_r
 *fill*         0x0000000000006e62        0x2 
 .text._svfprintf_r
                0x0000000000006e64      0x200 /home/vedula/qorc-sdk/arm_toolchain_install/gcc-arm-none-eabi-9-2020-q2-update/bin/../lib/gcc/arm-none-eabi/9.3.1/../../../../arm-none-eabi/lib/thumb/v7e-m+fp/hard/libg_nano.a(lib_a-nano-svfprintf.o)
                0x0000000000006e64                _svfprintf_r
                0x0000000000006e64                _svfiprintf_r
 .text.__sfputc_r
                0x0000000000007064       0x2e /home/vedula/qorc-sdk/arm_toolchain_install/gcc-arm-none-eabi-9-2020-q2-update/bin/../lib/gcc/arm-none-eabi/9.3.1/../../../../arm-none-eabi/lib/thumb/v7e-m+fp/hard/libg_nano.a(lib_a-nano-vfprintf.o)
 .text.__sfputs_r
                0x0000000000007092       0x24 /home/vedula/qorc-sdk/arm_toolchain_install/gcc-arm-none-eabi-9-2020-q2-update/bin/../lib/gcc/arm-none-eabi/9.3.1/../../../../arm-none-eabi/lib/thumb/v7e-m+fp/hard/libg_nano.a(lib_a-nano-vfprintf.o)
                0x0000000000007092                __sfputs_r
 *fill*         0x00000000000070b6        0x2 
 .text._vfprintf_r
                0x00000000000070b8      0x260 /home/vedula/qorc-sdk/arm_toolchain_install/gcc-arm-none-eabi-9-2020-q2-update/bin/../lib/gcc/arm-none-eabi/9.3.1/../../../../arm-none-eabi/lib/thumb/v7e-m+fp/hard/libg_nano.a(lib_a-nano-vfprintf.o)
                0x00000000000070b8                _vfiprintf_r
                0x00000000000070b8                _vfprintf_r
 .text._printf_common
                0x0000000000007318       0xda /home/vedula/qorc-sdk/arm_toolchain_install/gcc-arm-none-eabi-9-2020-q2-update/bin/../lib/gcc/arm-none-eabi/9.3.1/../../../../arm-none-eabi/lib/thumb/v7e-m+fp/hard/libg_nano.a(lib_a-nano-vfprintf_i.o)
                0x0000000000007318                _printf_common
 *fill*         0x00000000000073f2        0x2 
 .text._printf_i
                0x00000000000073f4      0x24c /home/vedula/qorc-sdk/arm_toolchain_install/gcc-arm-none-eabi-9-2020-q2-update/bin/../lib/gcc/arm-none-eabi/9.3.1/../../../../arm-none-eabi/lib/thumb/v7e-m+fp/hard/libg_nano.a(lib_a-nano-vfprintf_i.o)
                0x00000000000073f4                _printf_i
 .text.__sread  0x0000000000007640       0x22 /home/vedula/qorc-sdk/arm_toolchain_install/gcc-arm-none-eabi-9-2020-q2-update/bin/../lib/gcc/arm-none-eabi/9.3.1/../../../../arm-none-eabi/lib/thumb/v7e-m+fp/hard/libg_nano.a(lib_a-stdio.o)
                0x0000000000007640                __sread
 .text.__swrite
                0x0000000000007662       0x38 /home/vedula/qorc-sdk/arm_toolchain_install/gcc-arm-none-eabi-9-2020-q2-update/bin/../lib/gcc/arm-none-eabi/9.3.1/../../../../arm-none-eabi/lib/thumb/v7e-m+fp/hard/libg_nano.a(lib_a-stdio.o)
                0x0000000000007662                __swrite
 .text.__sseek  0x000000000000769a       0x24 /home/vedula/qorc-sdk/arm_toolchain_install/gcc-arm-none-eabi-9-2020-q2-update/bin/../lib/gcc/arm-none-eabi/9.3.1/../../../../arm-none-eabi/lib/thumb/v7e-m+fp/hard/libg_nano.a(lib_a-stdio.o)
                0x000000000000769a                __sseek
 .text.__sclose
                0x00000000000076be        0x8 /home/vedula/qorc-sdk/arm_toolchain_install/gcc-arm-none-eabi-9-2020-q2-update/bin/../lib/gcc/arm-none-eabi/9.3.1/../../../../arm-none-eabi/lib/thumb/v7e-m+fp/hard/libg_nano.a(lib_a-stdio.o)
                0x00000000000076be                __sclose
 *fill*         0x00000000000076c6        0x2 
 .text._write_r
                0x00000000000076c8       0x24 /home/vedula/qorc-sdk/arm_toolchain_install/gcc-arm-none-eabi-9-2020-q2-update/bin/../lib/gcc/arm-none-eabi/9.3.1/../../../../arm-none-eabi/lib/thumb/v7e-m+fp/hard/libg_nano.a(lib_a-writer.o)
                0x00000000000076c8                _write_r
 .text._close_r
                0x00000000000076ec       0x20 /home/vedula/qorc-sdk/arm_toolchain_install/gcc-arm-none-eabi-9-2020-q2-update/bin/../lib/gcc/arm-none-eabi/9.3.1/../../../../arm-none-eabi/lib/thumb/v7e-m+fp/hard/libg_nano.a(lib_a-closer.o)
                0x00000000000076ec                _close_r
 .text._fstat_r
                0x000000000000770c       0x24 /home/vedula/qorc-sdk/arm_toolchain_install/gcc-arm-none-eabi-9-2020-q2-update/bin/../lib/gcc/arm-none-eabi/9.3.1/../../../../arm-none-eabi/lib/thumb/v7e-m+fp/hard/libg_nano.a(lib_a-fstatr.o)
                0x000000000000770c                _fstat_r
 .text._isatty_r
                0x0000000000007730       0x20 /home/vedula/qorc-sdk/arm_toolchain_install/gcc-arm-none-eabi-9-2020-q2-update/bin/../lib/gcc/arm-none-eabi/9.3.1/../../../../arm-none-eabi/lib/thumb/v7e-m+fp/hard/libg_nano.a(lib_a-isattyr.o)
                0x0000000000007730                _isatty_r
 .text._lseek_r
                0x0000000000007750       0x24 /home/vedula/qorc-sdk/arm_toolchain_install/gcc-arm-none-eabi-9-2020-q2-update/bin/../lib/gcc/arm-none-eabi/9.3.1/../../../../arm-none-eabi/lib/thumb/v7e-m+fp/hard/libg_nano.a(lib_a-lseekr.o)
                0x0000000000007750                _lseek_r
 *fill*         0x0000000000007774        0xc 
 .text          0x0000000000007780       0xa0 /home/vedula/qorc-sdk/arm_toolchain_install/gcc-arm-none-eabi-9-2020-q2-update/bin/../lib/gcc/arm-none-eabi/9.3.1/../../../../arm-none-eabi/lib/thumb/v7e-m+fp/hard/libg_nano.a(lib_a-memchr.o)
                0x0000000000007780                memchr
 .text.memmove  0x0000000000007820       0x34 /home/vedula/qorc-sdk/arm_toolchain_install/gcc-arm-none-eabi-9-2020-q2-update/bin/../lib/gcc/arm-none-eabi/9.3.1/../../../../arm-none-eabi/lib/thumb/v7e-m+fp/hard/libg_nano.a(lib_a-memmove.o)
                0x0000000000007820                memmove
 .text._realloc_r
                0x0000000000007854       0x4c /home/vedula/qorc-sdk/arm_toolchain_install/gcc-arm-none-eabi-9-2020-q2-update/bin/../lib/gcc/arm-none-eabi/9.3.1/../../../../arm-none-eabi/lib/thumb/v7e-m+fp/hard/libg_nano.a(lib_a-nano-reallocr.o)
                0x0000000000007854                _realloc_r
 .text._read_r  0x00000000000078a0       0x24 /home/vedula/qorc-sdk/arm_toolchain_install/gcc-arm-none-eabi-9-2020-q2-update/bin/../lib/gcc/arm-none-eabi/9.3.1/../../../../arm-none-eabi/lib/thumb/v7e-m+fp/hard/libg_nano.a(lib_a-readr.o)
                0x00000000000078a0                _read_r
 .text._malloc_usable_size_r
                0x00000000000078c4       0x10 /home/vedula/qorc-sdk/arm_toolchain_install/gcc-arm-none-eabi-9-2020-q2-update/bin/../lib/gcc/arm-none-eabi/9.3.1/../../../../arm-none-eabi/lib/thumb/v7e-m+fp/hard/libg_nano.a(lib_a-nano-msizer.o)
                0x00000000000078c4                _malloc_usable_size_r
 .text._fstat   0x00000000000078d4       0x10 /home/vedula/qorc-sdk/arm_toolchain_install/gcc-arm-none-eabi-9-2020-q2-update/bin/../lib/gcc/arm-none-eabi/9.3.1/../../../../arm-none-eabi/lib/thumb/v7e-m+fp/hard/libnosys.a(fstat.o)
                0x00000000000078d4                _fstat
 .text._isatty  0x00000000000078e4       0x10 /home/vedula/qorc-sdk/arm_toolchain_install/gcc-arm-none-eabi-9-2020-q2-update/bin/../lib/gcc/arm-none-eabi/9.3.1/../../../../arm-none-eabi/lib/thumb/v7e-m+fp/hard/libnosys.a(isatty.o)
                0x00000000000078e4                _isatty
 .text._sbrk    0x00000000000078f4       0x1c /home/vedula/qorc-sdk/arm_toolchain_install/gcc-arm-none-eabi-9-2020-q2-update/bin/../lib/gcc/arm-none-eabi/9.3.1/../../../../arm-none-eabi/lib/thumb/v7e-m+fp/hard/libnosys.a(sbrk.o)
                0x00000000000078f4                _sbrk
 .text._exit    0x0000000000007910        0x4 /home/vedula/qorc-sdk/arm_toolchain_install/gcc-arm-none-eabi-9-2020-q2-update/bin/../lib/gcc/arm-none-eabi/9.3.1/../../../../arm-none-eabi/lib/thumb/v7e-m+fp/hard/libnosys.a(_exit.o)
                0x0000000000007910                _exit
 *(.init)
 .init          0x0000000000007914        0x4 /home/vedula/qorc-sdk/arm_toolchain_install/gcc-arm-none-eabi-9-2020-q2-update/bin/../lib/gcc/arm-none-eabi/9.3.1/thumb/v7e-m+fp/hard/crti.o
                0x0000000000007914                _init
 .init          0x0000000000007918        0x8 /home/vedula/qorc-sdk/arm_toolchain_install/gcc-arm-none-eabi-9-2020-q2-update/bin/../lib/gcc/arm-none-eabi/9.3.1/thumb/v7e-m+fp/hard/crtn.o
 *(.fini)
 .fini          0x0000000000007920        0x4 /home/vedula/qorc-sdk/arm_toolchain_install/gcc-arm-none-eabi-9-2020-q2-update/bin/../lib/gcc/arm-none-eabi/9.3.1/thumb/v7e-m+fp/hard/crti.o
                0x0000000000007920                _fini
 .fini          0x0000000000007924        0x8 /home/vedula/qorc-sdk/arm_toolchain_install/gcc-arm-none-eabi-9-2020-q2-update/bin/../lib/gcc/arm-none-eabi/9.3.1/thumb/v7e-m+fp/hard/crtn.o
 *crtbegin.o(.ctors)
 *crtbegin?.o(.ctors)
 *(EXCLUDE_FILE(*crtend.o *crtend?.o) .ctors)
 *(SORT_BY_NAME(.ctors.*))
 *(.ctors)
 *crtbegin.o(.dtors)
 *crtbegin?.o(.dtors)
 *(EXCLUDE_FILE(*crtend.o *crtend?.o) .dtors)
 *(SORT_BY_NAME(.dtors.*))
 *(.dtors)
 *(.rodata*)
 .rodata.CLI_string_ptr_get_subcmd.str1.1
                0x000000000000792c        0xc /home/vedula/qorc-sdk/incdec/GCC_Project/output/cli_args.o
 .rodata.CLI_numX_getshow_X.str1.1
                0x0000000000007938       0x23 /home/vedula/qorc-sdk/incdec/GCC_Project/output/cli_args.o
 .rodata.handle_help.str1.1
                0x000000000000795b       0x2e /home/vedula/qorc-sdk/incdec/GCC_Project/output/cli_loop.o
                                         0x33 (size before relaxing)
 .rodata.CLI_cmd_stack_push.str1.1
                0x0000000000007989       0x1a /home/vedula/qorc-sdk/incdec/GCC_Project/output/cli_loop.o
 .rodata.CLI_cmd_stack_pop.str1.1
                0x00000000000079a3       0x16 /home/vedula/qorc-sdk/incdec/GCC_Project/output/cli_loop.o
 .rodata.handle_exit.str1.1
                0x00000000000079b9        0xa /home/vedula/qorc-sdk/incdec/GCC_Project/output/cli_loop.o
 .rodata.CLI_print_prompt.str1.1
                0x00000000000079c3        0xd /home/vedula/qorc-sdk/incdec/GCC_Project/output/cli_loop.o
 .rodata.CLI_dispatch_subcmd.str1.1
                0x00000000000079d0       0x2a /home/vedula/qorc-sdk/incdec/GCC_Project/output/cli_loop.o
 .rodata.CLI_dispatch.str1.1
                0x00000000000079fa       0x21 /home/vedula/qorc-sdk/incdec/GCC_Project/output/cli_loop.o
 .rodata.CLI_verror.str1.1
                0x0000000000007a1b        0x8 /home/vedula/qorc-sdk/incdec/GCC_Project/output/cli_loop.o
 .rodata.CLI_rx_byte.str1.1
                0x0000000000007a23        0x9 /home/vedula/qorc-sdk/incdec/GCC_Project/output/cli_loop.o
 .rodata.str1.1
                0x0000000000007a2c       0x21 /home/vedula/qorc-sdk/incdec/GCC_Project/output/cli_loop.o
                                         0x26 (size before relaxing)
 .rodata._backspace.7318
                0x0000000000007a4d        0x4 /home/vedula/qorc-sdk/incdec/GCC_Project/output/cli_loop.o
 *fill*         0x0000000000007a51        0x3 
 .rodata.std_cmds
                0x0000000000007a54       0x40 /home/vedula/qorc-sdk/incdec/GCC_Project/output/cli_loop.o
 .rodata.CLI_error_missing_parameter.str1.1
                0x0000000000007a94        0xd /home/vedula/qorc-sdk/incdec/GCC_Project/output/cli_misc.o
 .rodata.CLI_error_not_a_number.str1.1
                0x0000000000007aa1       0x17 /home/vedula/qorc-sdk/incdec/GCC_Project/output/cli_misc.o
 .rodata.CLI_task.str1.1
                0x0000000000007ab8       0x42 /home/vedula/qorc-sdk/incdec/GCC_Project/output/cli_platform.o
 .rodata.CLI_start_task.str1.1
                0x0000000000007afa       0x3b /home/vedula/qorc-sdk/incdec/GCC_Project/output/cli_platform.o
 .rodata.dbg_str.str1.1
                0x0000000000007b35        0x3 /home/vedula/qorc-sdk/incdec/GCC_Project/output/dbg_uart.o
 .rodata._colon_tt.8573
                0x0000000000007b38        0x4 /home/vedula/qorc-sdk/incdec/GCC_Project/output/dbg_uart.o
 .rodata.HAL_PAD_Config.str1.1
                0x0000000000007b3c       0x35 /home/vedula/qorc-sdk/incdec/GCC_Project/output/eoss3_hal_pad_config.o
 .rodata.IO_INPUT_PAD_SEL
                0x0000000000007b71       0x10 /home/vedula/qorc-sdk/incdec/GCC_Project/output/eoss3_hal_pad_config.o
                0x0000000000007b71                IO_INPUT_PAD_SEL
 .rodata.SEL_EXT_PAD_REGS